Archive member included to satisfy reference by file (symbol)

c:/st/stm32cubeide_1.0.2/stm32cubeide/plugins/com.st.stm32cube.ide.mcu.externaltools.gnu-tools-for-stm32.7-2018-q2-update.win32_1.0.0.201904181610/tools/bin/../lib/gcc/arm-none-eabi/7.3.1/../../../../arm-none-eabi/lib/thumb/v7e-m/fpv4-sp/hard\libc_nano.a(lib_a-errno.o)
                              Core/Src/syscalls.o (__errno)
c:/st/stm32cubeide_1.0.2/stm32cubeide/plugins/com.st.stm32cube.ide.mcu.externaltools.gnu-tools-for-stm32.7-2018-q2-update.win32_1.0.0.201904181610/tools/bin/../lib/gcc/arm-none-eabi/7.3.1/../../../../arm-none-eabi/lib/thumb/v7e-m/fpv4-sp/hard\libc_nano.a(lib_a-exit.o)
                              c:/st/stm32cubeide_1.0.2/stm32cubeide/plugins/com.st.stm32cube.ide.mcu.externaltools.gnu-tools-for-stm32.7-2018-q2-update.win32_1.0.0.201904181610/tools/bin/../lib/gcc/arm-none-eabi/7.3.1/../../../../arm-none-eabi/lib/thumb/v7e-m/fpv4-sp/hard/crt0.o (exit)
c:/st/stm32cubeide_1.0.2/stm32cubeide/plugins/com.st.stm32cube.ide.mcu.externaltools.gnu-tools-for-stm32.7-2018-q2-update.win32_1.0.0.201904181610/tools/bin/../lib/gcc/arm-none-eabi/7.3.1/../../../../arm-none-eabi/lib/thumb/v7e-m/fpv4-sp/hard\libc_nano.a(lib_a-impure.o)
                              c:/st/stm32cubeide_1.0.2/stm32cubeide/plugins/com.st.stm32cube.ide.mcu.externaltools.gnu-tools-for-stm32.7-2018-q2-update.win32_1.0.0.201904181610/tools/bin/../lib/gcc/arm-none-eabi/7.3.1/../../../../arm-none-eabi/lib/thumb/v7e-m/fpv4-sp/hard\libc_nano.a(lib_a-exit.o) (_global_impure_ptr)
c:/st/stm32cubeide_1.0.2/stm32cubeide/plugins/com.st.stm32cube.ide.mcu.externaltools.gnu-tools-for-stm32.7-2018-q2-update.win32_1.0.0.201904181610/tools/bin/../lib/gcc/arm-none-eabi/7.3.1/../../../../arm-none-eabi/lib/thumb/v7e-m/fpv4-sp/hard\libc_nano.a(lib_a-init.o)
                              c:/st/stm32cubeide_1.0.2/stm32cubeide/plugins/com.st.stm32cube.ide.mcu.externaltools.gnu-tools-for-stm32.7-2018-q2-update.win32_1.0.0.201904181610/tools/bin/../lib/gcc/arm-none-eabi/7.3.1/../../../../arm-none-eabi/lib/thumb/v7e-m/fpv4-sp/hard/crt0.o (__libc_init_array)
c:/st/stm32cubeide_1.0.2/stm32cubeide/plugins/com.st.stm32cube.ide.mcu.externaltools.gnu-tools-for-stm32.7-2018-q2-update.win32_1.0.0.201904181610/tools/bin/../lib/gcc/arm-none-eabi/7.3.1/../../../../arm-none-eabi/lib/thumb/v7e-m/fpv4-sp/hard\libc_nano.a(lib_a-memcpy-stub.o)
                              Core/Src/Flash_F405.o (memcpy)
c:/st/stm32cubeide_1.0.2/stm32cubeide/plugins/com.st.stm32cube.ide.mcu.externaltools.gnu-tools-for-stm32.7-2018-q2-update.win32_1.0.0.201904181610/tools/bin/../lib/gcc/arm-none-eabi/7.3.1/../../../../arm-none-eabi/lib/thumb/v7e-m/fpv4-sp/hard\libc_nano.a(lib_a-memset.o)
                              c:/st/stm32cubeide_1.0.2/stm32cubeide/plugins/com.st.stm32cube.ide.mcu.externaltools.gnu-tools-for-stm32.7-2018-q2-update.win32_1.0.0.201904181610/tools/bin/../lib/gcc/arm-none-eabi/7.3.1/../../../../arm-none-eabi/lib/thumb/v7e-m/fpv4-sp/hard/crt0.o (memset)
c:/st/stm32cubeide_1.0.2/stm32cubeide/plugins/com.st.stm32cube.ide.mcu.externaltools.gnu-tools-for-stm32.7-2018-q2-update.win32_1.0.0.201904181610/tools/bin/../lib/gcc/arm-none-eabi/7.3.1/../../../../arm-none-eabi/lib/thumb/v7e-m/fpv4-sp/hard\libc_nano.a(lib_a-vsprintf.o)
                              Core/Src/AQM0802.o (vsprintf)
c:/st/stm32cubeide_1.0.2/stm32cubeide/plugins/com.st.stm32cube.ide.mcu.externaltools.gnu-tools-for-stm32.7-2018-q2-update.win32_1.0.0.201904181610/tools/bin/../lib/gcc/arm-none-eabi/7.3.1/../../../../arm-none-eabi/lib/thumb/v7e-m/fpv4-sp/hard\libc_nano.a(lib_a-nano-svfprintf.o)
                              c:/st/stm32cubeide_1.0.2/stm32cubeide/plugins/com.st.stm32cube.ide.mcu.externaltools.gnu-tools-for-stm32.7-2018-q2-update.win32_1.0.0.201904181610/tools/bin/../lib/gcc/arm-none-eabi/7.3.1/../../../../arm-none-eabi/lib/thumb/v7e-m/fpv4-sp/hard\libc_nano.a(lib_a-vsprintf.o) (_svfprintf_r)
c:/st/stm32cubeide_1.0.2/stm32cubeide/plugins/com.st.stm32cube.ide.mcu.externaltools.gnu-tools-for-stm32.7-2018-q2-update.win32_1.0.0.201904181610/tools/bin/../lib/gcc/arm-none-eabi/7.3.1/../../../../arm-none-eabi/lib/thumb/v7e-m/fpv4-sp/hard\libc_nano.a(lib_a-nano-vfprintf_i.o)
                              c:/st/stm32cubeide_1.0.2/stm32cubeide/plugins/com.st.stm32cube.ide.mcu.externaltools.gnu-tools-for-stm32.7-2018-q2-update.win32_1.0.0.201904181610/tools/bin/../lib/gcc/arm-none-eabi/7.3.1/../../../../arm-none-eabi/lib/thumb/v7e-m/fpv4-sp/hard\libc_nano.a(lib_a-nano-svfprintf.o) (_printf_i)
c:/st/stm32cubeide_1.0.2/stm32cubeide/plugins/com.st.stm32cube.ide.mcu.externaltools.gnu-tools-for-stm32.7-2018-q2-update.win32_1.0.0.201904181610/tools/bin/../lib/gcc/arm-none-eabi/7.3.1/../../../../arm-none-eabi/lib/thumb/v7e-m/fpv4-sp/hard\libc_nano.a(lib_a-memchr.o)
[...]
Memory Configuration

Name             Origin             Length             Attributes
CCMRAM           0x0000000010000000 0x0000000000010000 xrw
RAM              0x0000000020000000 0x0000000000020000 xrw
FLASH            0x0000000008000000 0x0000000000100000 xr
*default*        0x0000000000000000 0xffffffffffffffff

Linker script and memory map

LOAD c:/st/stm32cubeide_1.0.2/stm32cubeide/plugins/com.st.stm32cube.ide.mcu.externaltools.gnu-tools-for-stm32.7-2018-q2-update.win32_1.0.0.201904181610/tools/bin/../lib/gcc/arm-none-eabi/7.3.1/thumb/v7e-m/fpv4-sp/hard/crti.o
LOAD c:/st/stm32cubeide_1.0.2/stm32cubeide/plugins/com.st.stm32cube.ide.mcu.externaltools.gnu-tools-for-stm32.7-2018-q2-update.win32_1.0.0.201904181610/tools/bin/../lib/gcc/arm-none-eabi/7.3.1/thumb/v7e-m/fpv4-sp/hard/crtbegin.o
LOAD c:/st/stm32cubeide_1.0.2/stm32cubeide/plugins/com.st.stm32cube.ide.mcu.externaltools.gnu-tools-for-stm32.7-2018-q2-update.win32_1.0.0.201904181610/tools/bin/../lib/gcc/arm-none-eabi/7.3.1/../../../../arm-none-eabi/lib/thumb/v7e-m/fpv4-sp/hard/crt0.o
LOAD Core/Src/AQM0802.o
LOAD Core/Src/Flash_F405.o
LOAD Core/Src/ICM20648.o
LOAD Core/Src/INA260.o
LOAD Core/Src/calculate.o
LOAD Core/Src/control.o
LOAD Core/Src/main.o
LOAD Core/Src/peripheral_func.o
LOAD Core/Src/stm32f4xx_hal_msp.o
LOAD Core/Src/stm32f4xx_it.o
LOAD Core/Src/syscalls.o
LOAD Core/Src/sysmem.o
LOAD Core/Src/system_stm32f4xx.o
LOAD Core/Startup/startup_stm32f405rgtx.o
LOAD Drivers/STM32F4xx_HAL_Driver/Src/stm32f4xx_hal.o
LOAD Drivers/STM32F4xx_HAL_Driver/Src/stm32f4xx_hal_adc.o
LOAD Drivers/STM32F4xx_HAL_Driver/Src/stm32f4xx_hal_adc_ex.o
LOAD Drivers/STM32F4xx_HAL_Driver/Src/stm32f4xx_hal_cortex.o
LOAD Drivers/STM32F4xx_HAL_Driver/Src/stm32f4xx_hal_dma.o
LOAD Drivers/STM32F4xx_HAL_Driver/Src/stm32f4xx_hal_dma_ex.o
LOAD Drivers/STM32F4xx_HAL_Driver/Src/stm32f4xx_hal_exti.o
LOAD Drivers/STM32F4xx_HAL_Driver/Src/stm32f4xx_hal_flash.o
LOAD Drivers/STM32F4xx_HAL_Driver/Src/stm32f4xx_hal_flash_ex.o
LOAD Drivers/STM32F4xx_HAL_Driver/Src/stm32f4xx_hal_flash_ramfunc.o
LOAD Drivers/STM32F4xx_HAL_Driver/Src/stm32f4xx_hal_gpio.o
LOAD Drivers/STM32F4xx_HAL_Driver/Src/stm32f4xx_hal_i2c.o
LOAD Drivers/STM32F4xx_HAL_Driver/Src/stm32f4xx_hal_i2c_ex.o
LOAD Drivers/STM32F4xx_HAL_Driver/Src/stm32f4xx_hal_pwr.o
LOAD Drivers/STM32F4xx_HAL_Driver/Src/stm32f4xx_hal_pwr_ex.o
LOAD Drivers/STM32F4xx_HAL_Driver/Src/stm32f4xx_hal_rcc.o
LOAD Drivers/STM32F4xx_HAL_Driver/Src/stm32f4xx_hal_rcc_ex.o
LOAD Drivers/STM32F4xx_HAL_Driver/Src/stm32f4xx_hal_spi.o
LOAD Drivers/STM32F4xx_HAL_Driver/Src/stm32f4xx_hal_tim.o
LOAD Drivers/STM32F4xx_HAL_Driver/Src/stm32f4xx_hal_tim_ex.o
LOAD Drivers/STM32F4xx_HAL_Driver/Src/stm32f4xx_hal_uart.o
START GROUP
LOAD c:/st/stm32cubeide_1.0.2/stm32cubeide/plugins/com.st.stm32cube.ide.mcu.externaltools.gnu-tools-for-stm32.7-2018-q2-update.win32_1.0.0.201904181610/tools/bin/../lib/gcc/arm-none-eabi/7.3.1/../../../../arm-none-eabi/lib/thumb/v7e-m/fpv4-sp/hard\libc_nano.a
LOAD c:/st/stm32cubeide_1.0.2/stm32cubeide/plugins/com.st.stm32cube.ide.mcu.externaltools.gnu-tools-for-stm32.7-2018-q2-update.win32_1.0.0.201904181610/tools/bin/../lib/gcc/arm-none-eabi/7.3.1/../../../../arm-none-eabi/lib/thumb/v7e-m/fpv4-sp/hard\libm.a
END GROUP
START GROUP
LOAD c:/st/stm32cubeide_1.0.2/stm32cubeide/plugins/com.st.stm32cube.ide.mcu.externaltools.gnu-tools-for-stm32.7-2018-q2-update.win32_1.0.0.201904181610/tools/bin/../lib/gcc/arm-none-eabi/7.3.1/thumb/v7e-m/fpv4-sp/hard\libgcc.a
LOAD c:/st/stm32cubeide_1.0.2/stm32cubeide/plugins/com.st.stm32cube.ide.mcu.externaltools.gnu-tools-for-stm32.7-2018-q2-update.win32_1.0.0.201904181610/tools/bin/../lib/gcc/arm-none-eabi/7.3.1/../../../../arm-none-eabi/lib/thumb/v7e-m/fpv4-sp/hard\libc_nano.a
END GROUP
START GROUP
LOAD c:/st/stm32cubeide_1.0.2/stm32cubeide/plugins/com.st.stm32cube.ide.mcu.externaltools.gnu-tools-for-stm32.7-2018-q2-update.win32_1.0.0.201904181610/tools/bin/../lib/gcc/arm-none-eabi/7.3.1/thumb/v7e-m/fpv4-sp/hard\libgcc.a
LOAD c:/st/stm32cubeide_1.0.2/stm32cubeide/plugins/com.st.stm32cube.ide.mcu.externaltools.gnu-tools-for-stm32.7-2018-q2-update.win32_1.0.0.201904181610/tools/bin/../lib/gcc/arm-none-eabi/7.3.1/../../../../arm-none-eabi/lib/thumb/v7e-m/fpv4-sp/hard\libc_nano.a
LOAD c:/st/stm32cubeide_1.0.2/stm32cubeide/plugins/com.st.stm32cube.ide.mcu.externaltools.gnu-tools-for-stm32.7-2018-q2-update.win32_1.0.0.201904181610/tools/bin/../lib/gcc/arm-none-eabi/7.3.1/../../../../arm-none-eabi/lib/thumb/v7e-m/fpv4-sp/hard\libnosys.a
END GROUP
START GROUP
LOAD c:/st/stm32cubeide_1.0.2/stm32cubeide/plugins/com.st.stm32cube.ide.mcu.externaltools.gnu-tools-for-stm32.7-2018-q2-update.win32_1.0.0.201904181610/tools/bin/../lib/gcc/arm-none-eabi/7.3.1/thumb/v7e-m/fpv4-sp/hard\libgcc.a
LOAD c:/st/stm32cubeide_1.0.2/stm32cubeide/plugins/com.st.stm32cube.ide.mcu.externaltools.gnu-tools-for-stm32.7-2018-q2-update.win32_1.0.0.201904181610/tools/bin/../lib/gcc/arm-none-eabi/7.3.1/../../../../arm-none-eabi/lib/thumb/v7e-m/fpv4-sp/hard\libc_nano.a
LOAD c:/st/stm32cubeide_1.0.2/stm32cubeide/plugins/com.st.stm32cube.ide.mcu.externaltools.gnu-tools-for-stm32.7-2018-q2-update.win32_1.0.0.201904181610/tools/bin/../lib/gcc/arm-none-eabi/7.3.1/../../../../arm-none-eabi/lib/thumb/v7e-m/fpv4-sp/hard\libnosys.a
END GROUP
LOAD c:/st/stm32cubeide_1.0.2/stm32cubeide/plugins/com.st.stm32cube.ide.mcu.externaltools.gnu-tools-for-stm32.7-2018-q2-update.win32_1.0.0.201904181610/tools/bin/../lib/gcc/arm-none-eabi/7.3.1/thumb/v7e-m/fpv4-sp/hard/crtend.o
LOAD c:/st/stm32cubeide_1.0.2/stm32cubeide/plugins/com.st.stm32cube.ide.mcu.externaltools.gnu-tools-for-stm32.7-2018-q2-update.win32_1.0.0.201904181610/tools/bin/../lib/gcc/arm-none-eabi/7.3.1/thumb/v7e-m/fpv4-sp/hard/crtn.o
                0x0000000020020000                _estack = (ORIGIN (RAM) + LENGTH (RAM))
                0x0000000000000200                _Min_Heap_Size = 0x200
                0x0000000000000400                _Min_Stack_Size = 0x400

.isr_vector     0x0000000008000000      0x188
                0x0000000008000000                . = ALIGN (0x4)
 *(.isr_vector)
 .isr_vector    0x0000000008000000      0x188 Core/Startup/startup_stm32f405rgtx.o
                0x0000000008000000                g_pfnVectors
                0x0000000008000188                . = ALIGN (0x4)

.text           0x0000000008000190     0x85a8
                0x0000000008000190                . = ALIGN (0x4)
 *(.text)
 .text          0x0000000008000190       0x40 c:/st/stm32cubeide_1.0.2/stm32cubeide/plugins/com.st.stm32cube.ide.mcu.externaltools.gnu-tools-for-stm32.7-2018-q2-update.win32_1.0.0.201904181610/tools/bin/../lib/gcc/arm-none-eabi/7.3.1/thumb/v7e-m/fpv4-sp/hard/crtbegin.o
 .text          0x00000000080001d0       0xa0 c:/st/stm32cubeide_1.0.2/stm32cubeide/plugins/com.st.stm32cube.ide.mcu.externaltools.gnu-tools-for-stm32.7-2018-q2-update.win32_1.0.0.201904181610/tools/bin/../lib/gcc/arm-none-eabi/7.3.1/../../../../arm-none-eabi/lib/thumb/v7e-m/fpv4-sp/hard\libc_nano.a(lib_a-memchr.o)
                0x00000000080001d0                memchr
 .text          0x0000000008000270      0x378 c:/st/stm32cubeide_1.0.2/stm32cubeide/plugins/com.st.stm32cube.ide.mcu.externaltools.gnu-tools-for-stm32.7-2018-q2-update.win32_1.0.0.201904181610/tools/bin/../lib/gcc/arm-none-eabi/7.3.1/thumb/v7e-m/fpv4-sp/hard\libgcc.a(_arm_addsubdf3.o)
                0x0000000008000270                __aeabi_drsub
                0x0000000008000278                __aeabi_dsub
                0x0000000008000278                __subdf3
                0x000000000800027c                __aeabi_dadd
                0x000000000800027c                __adddf3
                0x00000000080004f4                __floatunsidf
                0x00000000080004f4                __aeabi_ui2d
                0x0000000008000514                __floatsidf
                0x0000000008000514                __aeabi_i2d
                0x0000000008000538                __aeabi_f2d
                0x0000000008000538                __extendsfdf2
                0x000000000800057c                __floatundidf
                0x000000000800057c                __aeabi_ul2d
                0x000000000800058c                __floatdidf
                0x000000000800058c                __aeabi_l2d
 .text          0x00000000080005e8      0x21c c:/st/stm32cubeide_1.0.2/stm32cubeide/plugins/com.st.stm32cube.ide.mcu.externaltools.gnu-tools-for-stm32.7-2018-q2-update.win32_1.0.0.201904181610/tools/bin/../lib/gcc/arm-none-eabi/7.3.1/thumb/v7e-m/fpv4-sp/hard\libgcc.a(_arm_addsubsf3.o)
                0x00000000080005e8                __aeabi_frsub
                0x00000000080005f0                __subsf3
                0x00000000080005f0                __aeabi_fsub
                0x00000000080005f4                __aeabi_fadd
                0x00000000080005f4                __addsf3
                0x0000000008000754                __aeabi_ui2f
                0x0000000008000754                __floatunsisf
                0x000000000800075c                __aeabi_i2f
                0x000000000800075c                __floatsisf
                0x0000000008000778                __aeabi_ul2f
                0x0000000008000778                __floatundisf
                0x0000000008000788                __aeabi_l2f
                0x0000000008000788                __floatdisf
 .text          0x0000000008000804       0x30 c:/st/stm32cubeide_1.0.2/stm32cubeide/plugins/com.st.stm32cube.ide.mcu.externaltools.gnu-tools-for-stm32.7-2018-q2-update.win32_1.0.0.201904181610/tools/bin/../lib/gcc/arm-none-eabi/7.3.1/thumb/v7e-m/fpv4-sp/hard\libgcc.a(_aeabi_uldivmod.o)
                0x0000000008000804                __aeabi_uldivmod
 .text          0x0000000008000834      0x2cc c:/st/stm32cubeide_1.0.2/stm32cubeide/plugins/com.st.stm32cube.ide.mcu.externaltools.gnu-tools-for-stm32.7-2018-q2-update.win32_1.0.0.201904181610/tools/bin/../lib/gcc/arm-none-eabi/7.3.1/thumb/v7e-m/fpv4-sp/hard\libgcc.a(_udivmoddi4.o)
                0x0000000008000834                __udivmoddi4
 .text          0x0000000008000b00        0x4 c:/st/stm32cubeide_1.0.2/stm32cubeide/plugins/com.st.stm32cube.ide.mcu.externaltools.gnu-tools-for-stm32.7-2018-q2-update.win32_1.0.0.201904181610/tools/bin/../lib/gcc/arm-none-eabi/7.3.1/thumb/v7e-m/fpv4-sp/hard\libgcc.a(_dvmd_tls.o)
                0x0000000008000b00                __aeabi_idiv0
                0x0000000008000b00                __aeabi_ldiv0
 *(.text*)
 .text.lcd_cmd  0x0000000008000b04       0x30 Core/Src/AQM0802.o
                0x0000000008000b04                lcd_cmd
 .text.lcd_data
                0x0000000008000b34       0x30 Core/Src/AQM0802.o
                0x0000000008000b34                lcd_data
 .text.lcd_init
                0x0000000008000b64       0x7a Core/Src/AQM0802.o
                0x0000000008000b64                lcd_init
 .text.lcd_locate
                0x0000000008000bde       0x2a Core/Src/AQM0802.o
                0x0000000008000bde                lcd_locate
 .text.lcd_print
                0x0000000008000c08       0x2a Core/Src/AQM0802.o
                0x0000000008000c08                lcd_print
 .text.lcd_printf
                0x0000000008000c32       0x40 Core/Src/AQM0802.o
                0x0000000008000c32                lcd_printf
 .text.FLASH_EreaseSector
                0x0000000008000c72       0x3e Core/Src/Flash_F405.o
                0x0000000008000c72                FLASH_EreaseSector
 .text.read_byte
                0x0000000008000cb0       0x58 Core/Src/ICM20648.o
                0x0000000008000cb0                read_byte
 .text.write_byte
                0x0000000008000d08       0x58 Core/Src/ICM20648.o
                0x0000000008000d08                write_byte
 .text.IMU_init
                0x0000000008000d60       0x5a Core/Src/ICM20648.o
                0x0000000008000d60                IMU_init
 *fill*         0x0000000008000dba        0x2 
 .text.read_gyro_data
                0x0000000008000dbc       0x70 Core/Src/ICM20648.o
                0x0000000008000dbc                read_gyro_data
 .text.read_accel_data
                0x0000000008000e2c       0x70 Core/Src/ICM20648.o
                0x0000000008000e2c                read_accel_data
 .text.INA260_read
                0x0000000008000e9c       0x4c Core/Src/INA260.o
                0x0000000008000e9c                INA260_read
 .text.INA260_write
                0x0000000008000ee8       0x3c Core/Src/INA260.o
                0x0000000008000ee8                INA260_write
 .text.setConfig
                0x0000000008000f24       0x24 Core/Src/INA260.o
                0x0000000008000f24                setConfig
 .text.INA260_init
                0x0000000008000f48       0x10 Core/Src/INA260.o
                0x0000000008000f48                INA260_init
 .text.mileage  0x0000000008000f58       0x28 Core/Src/calculate.o
                0x0000000008000f58                mileage
 .text.setup    0x0000000008000f80      0x64c Core/Src/control.o
                0x0000000008000f80                setup
 .text.HAL_TIM_PeriodElapsedCallback
                0x00000000080015cc       0x30 Core/Src/control.o
                0x00000000080015cc                HAL_TIM_PeriodElapsedCallback
 .text.main     0x00000000080015fc       0x54 Core/Src/main.o
                0x00000000080015fc                main
 .text.SystemClock_Config
                0x0000000008001650       0xd4 Core/Src/main.o
                0x0000000008001650                SystemClock_Config
 .text.MX_ADC1_Init
                0x0000000008001724      0x1d8 Core/Src/main.o
 .text.MX_I2C1_Init
                0x00000000080018fc       0x5c Core/Src/main.o
 .text.MX_I2C2_Init
                0x0000000008001958       0x5c Core/Src/main.o
 .text.MX_SPI3_Init
                0x00000000080019b4       0x6c Core/Src/main.o
 .text.MX_TIM1_Init
                0x0000000008001a20       0xb0 Core/Src/main.o
 .text.MX_TIM2_Init
                0x0000000008001ad0       0xb0 Core/Src/main.o
 .text.MX_TIM3_Init
                0x0000000008001b80       0xf4 Core/Src/main.o
 .text.MX_TIM6_Init
                0x0000000008001c74       0x6c Core/Src/main.o
 .text.MX_TIM7_Init
                0x0000000008001ce0       0x6c Core/Src/main.o
 .text.MX_TIM8_Init
                0x0000000008001d4c       0xb0 Core/Src/main.o
 .text.MX_TIM12_Init
                0x0000000008001dfc       0xa0 Core/Src/main.o
 .text.MX_USART1_UART_Init
                0x0000000008001e9c       0x54 Core/Src/main.o
 .text.MX_DMA_Init
                0x0000000008001ef0       0x40 Core/Src/main.o
 .text.MX_GPIO_Init
                0x0000000008001f30      0x1dc Core/Src/main.o
 .text.Error_Handler
                0x000000000800210c        0xe Core/Src/main.o
                0x000000000800210c                Error_Handler
 *fill*         0x000000000800211a        0x2 
 .text.peripheral_init
                0x000000000800211c      0x128 Core/Src/peripheral_func.o
                0x000000000800211c                peripheral_init
 .text.gpio_set
                0x0000000008002244       0x58 Core/Src/peripheral_func.o
                0x0000000008002244                gpio_set
 .text.led_pattern
                0x000000000800229c       0x84 Core/Src/peripheral_func.o
                0x000000000800229c                led_pattern
 .text.getEncoder
                0x0000000008002320       0xc0 Core/Src/peripheral_func.o
                0x0000000008002320                getEncoder
 .text.ADval_get
                0x00000000080023e0       0xa4 Core/Src/peripheral_func.o
                0x00000000080023e0                ADval_get
 .text.HAL_GPIO_EXTI_Callback
                0x0000000008002484       0xc4 Core/Src/peripheral_func.o
                0x0000000008002484                HAL_GPIO_EXTI_Callback
 .text.HAL_MspInit
                0x0000000008002548       0x88 Core/Src/stm32f4xx_hal_msp.o
                0x0000000008002548                HAL_MspInit
 .text.HAL_ADC_MspInit
                0x00000000080025d0      0x160 Core/Src/stm32f4xx_hal_msp.o
                0x00000000080025d0                HAL_ADC_MspInit
 .text.HAL_I2C_MspInit
                0x0000000008002730       0xfc Core/Src/stm32f4xx_hal_msp.o
                0x0000000008002730                HAL_I2C_MspInit
 .text.HAL_SPI_MspInit
                0x000000000800282c       0x90 Core/Src/stm32f4xx_hal_msp.o
                0x000000000800282c                HAL_SPI_MspInit
 .text.HAL_TIM_Encoder_MspInit
                0x00000000080028bc       0xfc Core/Src/stm32f4xx_hal_msp.o
                0x00000000080028bc                HAL_TIM_Encoder_MspInit
 .text.HAL_TIM_PWM_MspInit
                0x00000000080029b8       0x98 Core/Src/stm32f4xx_hal_msp.o
                0x00000000080029b8                HAL_TIM_PWM_MspInit
 .text.HAL_TIM_Base_MspInit
                0x0000000008002a50       0x8c Core/Src/stm32f4xx_hal_msp.o
                0x0000000008002a50                HAL_TIM_Base_MspInit
 .text.HAL_TIM_MspPostInit
                0x0000000008002adc      0x150 Core/Src/stm32f4xx_hal_msp.o
                0x0000000008002adc                HAL_TIM_MspPostInit
 .text.HAL_UART_MspInit
                0x0000000008002c2c       0x90 Core/Src/stm32f4xx_hal_msp.o
                0x0000000008002c2c                HAL_UART_MspInit
 .text.NMI_Handler
                0x0000000008002cbc        0xe Core/Src/stm32f4xx_it.o
                0x0000000008002cbc                NMI_Handler
 .text.HardFault_Handler
                0x0000000008002cca        0x6 Core/Src/stm32f4xx_it.o
                0x0000000008002cca                HardFault_Handler
 .text.MemManage_Handler
                0x0000000008002cd0        0x6 Core/Src/stm32f4xx_it.o
                0x0000000008002cd0                MemManage_Handler
 .text.BusFault_Handler
                0x0000000008002cd6        0x6 Core/Src/stm32f4xx_it.o
                0x0000000008002cd6                BusFault_Handler
 .text.UsageFault_Handler
                0x0000000008002cdc        0x6 Core/Src/stm32f4xx_it.o
                0x0000000008002cdc                UsageFault_Handler
 .text.SVC_Handler
                0x0000000008002ce2        0xe Core/Src/stm32f4xx_it.o
                0x0000000008002ce2                SVC_Handler
 .text.DebugMon_Handler
                0x0000000008002cf0        0xe Core/Src/stm32f4xx_it.o
                0x0000000008002cf0                DebugMon_Handler
 .text.PendSV_Handler
                0x0000000008002cfe        0xe Core/Src/stm32f4xx_it.o
                0x0000000008002cfe                PendSV_Handler
 .text.SysTick_Handler
                0x0000000008002d0c        0xc Core/Src/stm32f4xx_it.o
                0x0000000008002d0c                SysTick_Handler
 .text.EXTI0_IRQHandler
                0x0000000008002d18        0xe Core/Src/stm32f4xx_it.o
                0x0000000008002d18                EXTI0_IRQHandler
 .text.EXTI1_IRQHandler
                0x0000000008002d26        0xe Core/Src/stm32f4xx_it.o
                0x0000000008002d26                EXTI1_IRQHandler
 .text.EXTI15_10_IRQHandler
                0x0000000008002d34       0x28 Core/Src/stm32f4xx_it.o
                0x0000000008002d34                EXTI15_10_IRQHandler
 .text.TIM6_DAC_IRQHandler
                0x0000000008002d5c       0x14 Core/Src/stm32f4xx_it.o
                0x0000000008002d5c                TIM6_DAC_IRQHandler
 .text.TIM7_IRQHandler
                0x0000000008002d70       0x14 Core/Src/stm32f4xx_it.o
                0x0000000008002d70                TIM7_IRQHandler
 .text.DMA2_Stream0_IRQHandler
                0x0000000008002d84       0x14 Core/Src/stm32f4xx_it.o
                0x0000000008002d84                DMA2_Stream0_IRQHandler
 .text._sbrk    0x0000000008002d98       0x58 Core/Src/sysmem.o
                0x0000000008002d98                _sbrk
 .text.SystemInit
                0x0000000008002df0       0x2c Core/Src/system_stm32f4xx.o
                0x0000000008002df0                SystemInit
 .text.Reset_Handler
                0x0000000008002e1c       0x50 Core/Startup/startup_stm32f405rgtx.o
                0x0000000008002e1c                Reset_Handler
 .text.Default_Handler
                0x0000000008002e6c        0x2 Core/Startup/startup_stm32f405rgtx.o
                0x0000000008002e6c                RTC_Alarm_IRQHandler
                0x0000000008002e6c                HASH_RNG_IRQHandler
                0x0000000008002e6c                EXTI2_IRQHandler
                0x0000000008002e6c                TIM8_CC_IRQHandler
                0x0000000008002e6c                TIM1_CC_IRQHandler
                0x0000000008002e6c                DMA2_Stream5_IRQHandler
                0x0000000008002e6c                DMA1_Stream5_IRQHandler
                0x0000000008002e6c                PVD_IRQHandler
                0x0000000008002e6c                SDIO_IRQHandler
                0x0000000008002e6c                TAMP_STAMP_IRQHandler
                0x0000000008002e6c                CAN2_RX1_IRQHandler
                0x0000000008002e6c                EXTI3_IRQHandler
                0x0000000008002e6c                TIM8_TRG_COM_TIM14_IRQHandler
                0x0000000008002e6c                TIM1_UP_TIM10_IRQHandler
                0x0000000008002e6c                TIM8_UP_TIM13_IRQHandler
                0x0000000008002e6c                I2C3_ER_IRQHandler
                0x0000000008002e6c                I2C2_EV_IRQHandler
                0x0000000008002e6c                DMA1_Stream2_IRQHandler
                0x0000000008002e6c                CAN1_RX0_IRQHandler
                0x0000000008002e6c                FPU_IRQHandler
                0x0000000008002e6c                OTG_HS_WKUP_IRQHandler
                0x0000000008002e6c                CAN2_SCE_IRQHandler
                0x0000000008002e6c                DMA2_Stream2_IRQHandler
                0x0000000008002e6c                SPI1_IRQHandler
                0x0000000008002e6c                TIM1_BRK_TIM9_IRQHandler
                0x0000000008002e6c                CAN2_RX0_IRQHandler
                0x0000000008002e6c                DMA2_Stream3_IRQHandler
                0x0000000008002e6c                USART6_IRQHandler
                0x0000000008002e6c                USART3_IRQHandler
                0x0000000008002e6c                CAN1_RX1_IRQHandler
                0x0000000008002e6c                UART5_IRQHandler
                0x0000000008002e6c                TIM4_IRQHandler
                0x0000000008002e6c                I2C1_EV_IRQHandler
                0x0000000008002e6c                DMA1_Stream6_IRQHandler
                0x0000000008002e6c                DMA1_Stream1_IRQHandler
                0x0000000008002e6c                UART4_IRQHandler
                0x0000000008002e6c                TIM3_IRQHandler
                0x0000000008002e6c                RCC_IRQHandler
                0x0000000008002e6c                TIM8_BRK_TIM12_IRQHandler
                0x0000000008002e6c                Default_Handler
                0x0000000008002e6c                ADC_IRQHandler
                0x0000000008002e6c                DMA1_Stream7_IRQHandler
                0x0000000008002e6c                CAN2_TX_IRQHandler
                0x0000000008002e6c                TIM5_IRQHandler
                0x0000000008002e6c                DMA2_Stream7_IRQHandler
                0x0000000008002e6c                I2C3_EV_IRQHandler
                0x0000000008002e6c                EXTI9_5_IRQHandler
                0x0000000008002e6c                RTC_WKUP_IRQHandler
                0x0000000008002e6c                SPI2_IRQHandler
                0x0000000008002e6c                OTG_HS_EP1_IN_IRQHandler
                0x0000000008002e6c                DMA1_Stream0_IRQHandler
                0x0000000008002e6c                CAN1_TX_IRQHandler
                0x0000000008002e6c                EXTI4_IRQHandler
                0x0000000008002e6c                FSMC_IRQHandler
                0x0000000008002e6c                OTG_HS_EP1_OUT_IRQHandler
                0x0000000008002e6c                WWDG_IRQHandler
                0x0000000008002e6c                TIM2_IRQHandler
                0x0000000008002e6c                OTG_FS_WKUP_IRQHandler
                0x0000000008002e6c                TIM1_TRG_COM_TIM11_IRQHandler
                0x0000000008002e6c                OTG_HS_IRQHandler
                0x0000000008002e6c                USART2_IRQHandler
                0x0000000008002e6c                I2C2_ER_IRQHandler
                0x0000000008002e6c                DMA2_Stream1_IRQHandler
                0x0000000008002e6c                CAN1_SCE_IRQHandler
                0x0000000008002e6c                FLASH_IRQHandler
                0x0000000008002e6c                DMA2_Stream4_IRQHandler
                0x0000000008002e6c                USART1_IRQHandler
                0x0000000008002e6c                OTG_FS_IRQHandler
                0x0000000008002e6c                SPI3_IRQHandler
                0x0000000008002e6c                DMA1_Stream4_IRQHandler
                0x0000000008002e6c                I2C1_ER_IRQHandler
                0x0000000008002e6c                DMA2_Stream6_IRQHandler
                0x0000000008002e6c                DMA1_Stream3_IRQHandler
 *fill*         0x0000000008002e6e        0x2 
 .text.HAL_Init
                0x0000000008002e70       0x44 Drivers/STM32F4xx_HAL_Driver/Src/stm32f4xx_hal.o
                0x0000000008002e70                HAL_Init
 .text.HAL_InitTick
                0x0000000008002eb4       0x60 Drivers/STM32F4xx_HAL_Driver/Src/stm32f4xx_hal.o
                0x0000000008002eb4                HAL_InitTick
 .text.HAL_IncTick
                0x0000000008002f14       0x28 Drivers/STM32F4xx_HAL_Driver/Src/stm32f4xx_hal.o
                0x0000000008002f14                HAL_IncTick
 .text.HAL_GetTick
                0x0000000008002f3c       0x18 Drivers/STM32F4xx_HAL_Driver/Src/stm32f4xx_hal.o
                0x0000000008002f3c                HAL_GetTick
 .text.HAL_Delay
                0x0000000008002f54       0x44 Drivers/STM32F4xx_HAL_Driver/Src/stm32f4xx_hal.o
                0x0000000008002f54                HAL_Delay
 .text.HAL_ADC_Init
                0x0000000008002f98       0x86 Drivers/STM32F4xx_HAL_Driver/Src/stm32f4xx_hal_adc.o
                0x0000000008002f98                HAL_ADC_Init
 *fill*         0x000000000800301e        0x2 
 .text.HAL_ADC_Start_DMA
                0x0000000008003020      0x1e4 Drivers/STM32F4xx_HAL_Driver/Src/stm32f4xx_hal_adc.o
                0x0000000008003020                HAL_ADC_Start_DMA
 .text.HAL_ADC_ConvCpltCallback
                0x0000000008003204       0x14 Drivers/STM32F4xx_HAL_Driver/Src/stm32f4xx_hal_adc.o
                0x0000000008003204                HAL_ADC_ConvCpltCallback
 .text.HAL_ADC_ConvHalfCpltCallback
                0x0000000008003218       0x14 Drivers/STM32F4xx_HAL_Driver/Src/stm32f4xx_hal_adc.o
                0x0000000008003218                HAL_ADC_ConvHalfCpltCallback
 .text.HAL_ADC_ErrorCallback
                0x000000000800322c       0x14 Drivers/STM32F4xx_HAL_Driver/Src/stm32f4xx_hal_adc.o
                0x000000000800322c                HAL_ADC_ErrorCallback
 .text.HAL_ADC_ConfigChannel
                0x0000000008003240      0x244 Drivers/STM32F4xx_HAL_Driver/Src/stm32f4xx_hal_adc.o
                0x0000000008003240                HAL_ADC_ConfigChannel
 .text.ADC_Init
                0x0000000008003484      0x1f8 Drivers/STM32F4xx_HAL_Driver/Src/stm32f4xx_hal_adc.o
 .text.ADC_DMAConvCplt
                0x000000000800367c       0xba Drivers/STM32F4xx_HAL_Driver/Src/stm32f4xx_hal_adc.o
 .text.ADC_DMAHalfConvCplt
                0x0000000008003736       0x1c Drivers/STM32F4xx_HAL_Driver/Src/stm32f4xx_hal_adc.o
 .text.ADC_DMAError
                0x0000000008003752       0x2e Drivers/STM32F4xx_HAL_Driver/Src/stm32f4xx_hal_adc.o
 .text.__NVIC_SetPriorityGrouping
                0x0000000008003780       0x48 Drivers/STM32F4xx_HAL_Driver/Src/stm32f4xx_hal_cortex.o
 .text.__NVIC_GetPriorityGrouping
                0x00000000080037c8       0x1c Drivers/STM32F4xx_HAL_Driver/Src/stm32f4xx_hal_cortex.o
 .text.__NVIC_EnableIRQ
                0x00000000080037e4       0x3c Drivers/STM32F4xx_HAL_Driver/Src/stm32f4xx_hal_cortex.o
 .text.__NVIC_SetPriority
                0x0000000008003820       0x54 Drivers/STM32F4xx_HAL_Driver/Src/stm32f4xx_hal_cortex.o
 .text.NVIC_EncodePriority
                0x0000000008003874       0x66 Drivers/STM32F4xx_HAL_Driver/Src/stm32f4xx_hal_cortex.o
 *fill*         0x00000000080038da        0x2 
 .text.SysTick_Config
                0x00000000080038dc       0x44 Drivers/STM32F4xx_HAL_Driver/Src/stm32f4xx_hal_cortex.o
 .text.HAL_NVIC_SetPriorityGrouping
                0x0000000008003920       0x16 Drivers/STM32F4xx_HAL_Driver/Src/stm32f4xx_hal_cortex.o
                0x0000000008003920                HAL_NVIC_SetPriorityGrouping
 .text.HAL_NVIC_SetPriority
                0x0000000008003936       0x38 Drivers/STM32F4xx_HAL_Driver/Src/stm32f4xx_hal_cortex.o
                0x0000000008003936                HAL_NVIC_SetPriority
 .text.HAL_NVIC_EnableIRQ
                0x000000000800396e       0x1c Drivers/STM32F4xx_HAL_Driver/Src/stm32f4xx_hal_cortex.o
                0x000000000800396e                HAL_NVIC_EnableIRQ
 .text.HAL_SYSTICK_Config
                0x000000000800398a       0x18 Drivers/STM32F4xx_HAL_Driver/Src/stm32f4xx_hal_cortex.o
                0x000000000800398a                HAL_SYSTICK_Config
 *fill*         0x00000000080039a2        0x2 
 .text.HAL_DMA_Init
                0x00000000080039a4      0x15c Drivers/STM32F4xx_HAL_Driver/Src/stm32f4xx_hal_dma.o
                0x00000000080039a4                HAL_DMA_Init
 .text.HAL_DMA_Start_IT
                0x0000000008003b00       0xb0 Drivers/STM32F4xx_HAL_Driver/Src/stm32f4xx_hal_dma.o
                0x0000000008003b00                HAL_DMA_Start_IT
 .text.HAL_DMA_IRQHandler
                0x0000000008003bb0      0x314 Drivers/STM32F4xx_HAL_Driver/Src/stm32f4xx_hal_dma.o
                0x0000000008003bb0                HAL_DMA_IRQHandler
 .text.DMA_SetConfig
                0x0000000008003ec4       0x5c Drivers/STM32F4xx_HAL_Driver/Src/stm32f4xx_hal_dma.o
 .text.DMA_CalcBaseAndBitshift
                0x0000000008003f20       0x6c Drivers/STM32F4xx_HAL_Driver/Src/stm32f4xx_hal_dma.o
 .text.DMA_CheckFifoParam
                0x0000000008003f8c       0xf4 Drivers/STM32F4xx_HAL_Driver/Src/stm32f4xx_hal_dma.o
 .text.HAL_FLASH_Unlock
                0x0000000008004080       0x44 Drivers/STM32F4xx_HAL_Driver/Src/stm32f4xx_hal_flash.o
                0x0000000008004080                HAL_FLASH_Unlock
 .text.HAL_FLASH_Lock
                0x00000000080040c4       0x20 Drivers/STM32F4xx_HAL_Driver/Src/stm32f4xx_hal_flash.o
                0x00000000080040c4                HAL_FLASH_Lock
 .text.FLASH_WaitForLastOperation
                0x00000000080040e4       0x80 Drivers/STM32F4xx_HAL_Driver/Src/stm32f4xx_hal_flash.o
                0x00000000080040e4                FLASH_WaitForLastOperation
 .text.FLASH_SetErrorCode
                0x0000000008004164       0xac Drivers/STM32F4xx_HAL_Driver/Src/stm32f4xx_hal_flash.o
 .text.HAL_FLASHEx_Erase
                0x0000000008004210       0xe0 Drivers/STM32F4xx_HAL_Driver/Src/stm32f4xx_hal_flash_ex.o
                0x0000000008004210                HAL_FLASHEx_Erase
 .text.FLASH_MassErase
                0x00000000080042f0       0x48 Drivers/STM32F4xx_HAL_Driver/Src/stm32f4xx_hal_flash_ex.o
 .text.FLASH_Erase_Sector
                0x0000000008004338       0x90 Drivers/STM32F4xx_HAL_Driver/Src/stm32f4xx_hal_flash_ex.o
                0x0000000008004338                FLASH_Erase_Sector
 .text.FLASH_FlushCaches
                0x00000000080043c8       0x8c Drivers/STM32F4xx_HAL_Driver/Src/stm32f4xx_hal_flash_ex.o
                0x00000000080043c8                FLASH_FlushCaches
 .text.HAL_GPIO_Init
                0x0000000008004454      0x334 Drivers/STM32F4xx_HAL_Driver/Src/stm32f4xx_hal_gpio.o
                0x0000000008004454                HAL_GPIO_Init
 .text.HAL_GPIO_WritePin
                0x0000000008004788       0x32 Drivers/STM32F4xx_HAL_Driver/Src/stm32f4xx_hal_gpio.o
                0x0000000008004788                HAL_GPIO_WritePin
 *fill*         0x00000000080047ba        0x2 
 .text.HAL_GPIO_EXTI_IRQHandler
                0x00000000080047bc       0x30 Drivers/STM32F4xx_HAL_Driver/Src/stm32f4xx_hal_gpio.o
                0x00000000080047bc                HAL_GPIO_EXTI_IRQHandler
 .text.HAL_I2C_Init
                0x00000000080047ec      0x270 Drivers/STM32F4xx_HAL_Driver/Src/stm32f4xx_hal_i2c.o
                0x00000000080047ec                HAL_I2C_Init
 .text.HAL_I2C_Master_Transmit
                0x0000000008004a5c      0x1fc Drivers/STM32F4xx_HAL_Driver/Src/stm32f4xx_hal_i2c.o
                0x0000000008004a5c                HAL_I2C_Master_Transmit
 .text.HAL_I2C_Master_Receive
                0x0000000008004c58      0x44c Drivers/STM32F4xx_HAL_Driver/Src/stm32f4xx_hal_i2c.o
                0x0000000008004c58                HAL_I2C_Master_Receive
 .text.I2C_MasterRequestWrite
                0x00000000080050a4      0x104 Drivers/STM32F4xx_HAL_Driver/Src/stm32f4xx_hal_i2c.o
 .text.I2C_MasterRequestRead
                0x00000000080051a8      0x198 Drivers/STM32F4xx_HAL_Driver/Src/stm32f4xx_hal_i2c.o
 .text.I2C_WaitOnFlagUntilTimeout
                0x0000000008005340       0xae Drivers/STM32F4xx_HAL_Driver/Src/stm32f4xx_hal_i2c.o
 .text.I2C_WaitOnMasterAddressFlagUntilTimeout
                0x00000000080053ee       0xfe Drivers/STM32F4xx_HAL_Driver/Src/stm32f4xx_hal_i2c.o
 .text.I2C_WaitOnTXEFlagUntilTimeout
                0x00000000080054ec       0x82 Drivers/STM32F4xx_HAL_Driver/Src/stm32f4xx_hal_i2c.o
 .text.I2C_WaitOnBTFFlagUntilTimeout
                0x000000000800556e       0x82 Drivers/STM32F4xx_HAL_Driver/Src/stm32f4xx_hal_i2c.o
 .text.I2C_WaitOnRXNEFlagUntilTimeout
                0x00000000080055f0       0xac Drivers/STM32F4xx_HAL_Driver/Src/stm32f4xx_hal_i2c.o
 .text.I2C_IsAcknowledgeFailed
                0x000000000800569c       0x5e Drivers/STM32F4xx_HAL_Driver/Src/stm32f4xx_hal_i2c.o
 *fill*         0x00000000080056fa        0x2 
 .text.HAL_RCC_OscConfig
                0x00000000080056fc      0x4e0 Drivers/STM32F4xx_HAL_Driver/Src/stm32f4xx_hal_rcc.o
                0x00000000080056fc                HAL_RCC_OscConfig
 .text.HAL_RCC_ClockConfig
                0x0000000008005bdc      0x1cc Drivers/STM32F4xx_HAL_Driver/Src/stm32f4xx_hal_rcc.o
                0x0000000008005bdc                HAL_RCC_ClockConfig
 .text.HAL_RCC_GetSysClockFreq
                0x0000000008005da8      0x164 Drivers/STM32F4xx_HAL_Driver/Src/stm32f4xx_hal_rcc.o
                0x0000000008005da8                HAL_RCC_GetSysClockFreq
 .text.HAL_RCC_GetHCLKFreq
                0x0000000008005f0c       0x18 Drivers/STM32F4xx_HAL_Driver/Src/stm32f4xx_hal_rcc.o
                0x0000000008005f0c                HAL_RCC_GetHCLKFreq
 .text.HAL_RCC_GetPCLK1Freq
                0x0000000008005f24       0x28 Drivers/STM32F4xx_HAL_Driver/Src/stm32f4xx_hal_rcc.o
                0x0000000008005f24                HAL_RCC_GetPCLK1Freq
 .text.HAL_RCC_GetPCLK2Freq
                0x0000000008005f4c       0x28 Drivers/STM32F4xx_HAL_Driver/Src/stm32f4xx_hal_rcc.o
                0x0000000008005f4c                HAL_RCC_GetPCLK2Freq
 .text.HAL_SPI_Init
                0x0000000008005f74       0xc8 Drivers/STM32F4xx_HAL_Driver/Src/stm32f4xx_hal_spi.o
                0x0000000008005f74                HAL_SPI_Init
 .text.HAL_SPI_Transmit
                0x000000000800603c      0x268 Drivers/STM32F4xx_HAL_Driver/Src/stm32f4xx_hal_spi.o
                0x000000000800603c                HAL_SPI_Transmit
 .text.HAL_SPI_Receive
                0x00000000080062a4      0x212 Drivers/STM32F4xx_HAL_Driver/Src/stm32f4xx_hal_spi.o
                0x00000000080062a4                HAL_SPI_Receive
 .text.HAL_SPI_TransmitReceive
                0x00000000080064b6      0x344 Drivers/STM32F4xx_HAL_Driver/Src/stm32f4xx_hal_spi.o
                0x00000000080064b6                HAL_SPI_TransmitReceive
 .text.SPI_WaitFlagStateUntilTimeout
                0x00000000080067fa       0xd4 Drivers/STM32F4xx_HAL_Driver/Src/stm32f4xx_hal_spi.o
 .text.SPI_EndRxTransaction
                0x00000000080068ce       0xca Drivers/STM32F4xx_HAL_Driver/Src/stm32f4xx_hal_spi.o
 .text.SPI_EndRxTxTransaction
                0x0000000008006998       0x84 Drivers/STM32F4xx_HAL_Driver/Src/stm32f4xx_hal_spi.o
 .text.HAL_TIM_Base_Init
                0x0000000008006a1c       0x56 Drivers/STM32F4xx_HAL_Driver/Src/stm32f4xx_hal_tim.o
                0x0000000008006a1c                HAL_TIM_Base_Init
 .text.HAL_TIM_Base_Start_IT
                0x0000000008006a72       0x48 Drivers/STM32F4xx_HAL_Driver/Src/stm32f4xx_hal_tim.o
                0x0000000008006a72                HAL_TIM_Base_Start_IT
 .text.HAL_TIM_PWM_Init
                0x0000000008006aba       0x56 Drivers/STM32F4xx_HAL_Driver/Src/stm32f4xx_hal_tim.o
                0x0000000008006aba                HAL_TIM_PWM_Init
 .text.HAL_TIM_PWM_Start
                0x0000000008006b10       0x7c Drivers/STM32F4xx_HAL_Driver/Src/stm32f4xx_hal_tim.o
                0x0000000008006b10                HAL_TIM_PWM_Start
 .text.HAL_TIM_Encoder_Init
                0x0000000008006b8c      0x124 Drivers/STM32F4xx_HAL_Driver/Src/stm32f4xx_hal_tim.o
                0x0000000008006b8c                HAL_TIM_Encoder_Init
 .text.HAL_TIM_Encoder_Start
                0x0000000008006cb0       0x6e Drivers/STM32F4xx_HAL_Driver/Src/stm32f4xx_hal_tim.o
                0x0000000008006cb0                HAL_TIM_Encoder_Start
 .text.HAL_TIM_IRQHandler
                0x0000000008006d1e      0x210 Drivers/STM32F4xx_HAL_Driver/Src/stm32f4xx_hal_tim.o
                0x0000000008006d1e                HAL_TIM_IRQHandler
 *fill*         0x0000000008006f2e        0x2 
 .text.HAL_TIM_PWM_ConfigChannel
                0x0000000008006f30      0x18c Drivers/STM32F4xx_HAL_Driver/Src/stm32f4xx_hal_tim.o
                0x0000000008006f30                HAL_TIM_PWM_ConfigChannel
 .text.HAL_TIM_OC_DelayElapsedCallback
                0x00000000080070bc       0x14 Drivers/STM32F4xx_HAL_Driver/Src/stm32f4xx_hal_tim.o
                0x00000000080070bc                HAL_TIM_OC_DelayElapsedCallback
 .text.HAL_TIM_IC_CaptureCallback
                0x00000000080070d0       0x14 Drivers/STM32F4xx_HAL_Driver/Src/stm32f4xx_hal_tim.o
                0x00000000080070d0                HAL_TIM_IC_CaptureCallback
 .text.HAL_TIM_PWM_PulseFinishedCallback
                0x00000000080070e4       0x14 Drivers/STM32F4xx_HAL_Driver/Src/stm32f4xx_hal_tim.o
                0x00000000080070e4                HAL_TIM_PWM_PulseFinishedCallback
 .text.HAL_TIM_TriggerCallback
                0x00000000080070f8       0x14 Drivers/STM32F4xx_HAL_Driver/Src/stm32f4xx_hal_tim.o
                0x00000000080070f8                HAL_TIM_TriggerCallback
 .text.TIM_Base_SetConfig
                0x000000000800710c      0x140 Drivers/STM32F4xx_HAL_Driver/Src/stm32f4xx_hal_tim.o
                0x000000000800710c                TIM_Base_SetConfig
 .text.TIM_OC1_SetConfig
                0x000000000800724c       0xe0 Drivers/STM32F4xx_HAL_Driver/Src/stm32f4xx_hal_tim.o
 .text.TIM_OC2_SetConfig
                0x000000000800732c       0xec Drivers/STM32F4xx_HAL_Driver/Src/stm32f4xx_hal_tim.o
                0x000000000800732c                TIM_OC2_SetConfig
 .text.TIM_OC3_SetConfig
                0x0000000008007418       0xe8 Drivers/STM32F4xx_HAL_Driver/Src/stm32f4xx_hal_tim.o
 .text.TIM_OC4_SetConfig
                0x0000000008007500       0xac Drivers/STM32F4xx_HAL_Driver/Src/stm32f4xx_hal_tim.o
 .text.TIM_CCxChannelCmd
                0x00000000080075ac       0x4a Drivers/STM32F4xx_HAL_Driver/Src/stm32f4xx_hal_tim.o
                0x00000000080075ac                TIM_CCxChannelCmd
 *fill*         0x00000000080075f6        0x2 
 .text.HAL_TIMEx_MasterConfigSynchronization
                0x00000000080075f8       0xf8 Drivers/STM32F4xx_HAL_Driver/Src/stm32f4xx_hal_tim_ex.o
                0x00000000080075f8                HAL_TIMEx_MasterConfigSynchronization
 .text.HAL_TIMEx_CommutCallback
                0x00000000080076f0       0x14 Drivers/STM32F4xx_HAL_Driver/Src/stm32f4xx_hal_tim_ex.o
                0x00000000080076f0                HAL_TIMEx_CommutCallback
 .text.HAL_TIMEx_BreakCallback
                0x0000000008007704       0x14 Drivers/STM32F4xx_HAL_Driver/Src/stm32f4xx_hal_tim_ex.o
                0x0000000008007704                HAL_TIMEx_BreakCallback
 .text.HAL_UART_Init
                0x0000000008007718       0x9a Drivers/STM32F4xx_HAL_Driver/Src/stm32f4xx_hal_uart.o
                0x0000000008007718                HAL_UART_Init
 *fill*         0x00000000080077b2        0x2 
 .text.UART_SetConfig
                0x00000000080077b4      0x6f8 Drivers/STM32F4xx_HAL_Driver/Src/stm32f4xx_hal_uart.o
 .text.__errno  0x0000000008007eac        0xc c:/st/stm32cubeide_1.0.2/stm32cubeide/plugins/com.st.stm32cube.ide.mcu.externaltools.gnu-tools-for-stm32.7-2018-q2-update.win32_1.0.0.201904181610/tools/bin/../lib/gcc/arm-none-eabi/7.3.1/../../../../arm-none-eabi/lib/thumb/v7e-m/fpv4-sp/hard\libc_nano.a(lib_a-errno.o)
                0x0000000008007eac                __errno
 .text.__libc_init_array
                0x0000000008007eb8       0x48 c:/st/stm32cubeide_1.0.2/stm32cubeide/plugins/com.st.stm32cube.ide.mcu.externaltools.gnu-tools-for-stm32.7-2018-q2-update.win32_1.0.0.201904181610/tools/bin/../lib/gcc/arm-none-eabi/7.3.1/../../../../arm-none-eabi/lib/thumb/v7e-m/fpv4-sp/hard\libc_nano.a(lib_a-init.o)
                0x0000000008007eb8                __libc_init_array
 .text.memcpy   0x0000000008007f00       0x16 c:/st/stm32cubeide_1.0.2/stm32cubeide/plugins/com.st.stm32cube.ide.mcu.externaltools.gnu-tools-for-stm32.7-2018-q2-update.win32_1.0.0.201904181610/tools/bin/../lib/gcc/arm-none-eabi/7.3.1/../../../../arm-none-eabi/lib/thumb/v7e-m/fpv4-sp/hard\libc_nano.a(lib_a-memcpy-stub.o)
                0x0000000008007f00                memcpy
 .text.memset   0x0000000008007f16       0x10 c:/st/stm32cubeide_1.0.2/stm32cubeide/plugins/com.st.stm32cube.ide.mcu.externaltools.gnu-tools-for-stm32.7-2018-q2-update.win32_1.0.0.201904181610/tools/bin/../lib/gcc/arm-none-eabi/7.3.1/../../../../arm-none-eabi/lib/thumb/v7e-m/fpv4-sp/hard\libc_nano.a(lib_a-memset.o)
                0x0000000008007f16                memset
 *fill*         0x0000000008007f26        0x2 
 .text._vsprintf_r
                0x0000000008007f28       0x2c c:/st/stm32cubeide_1.0.2/stm32cubeide/plugins/com.st.stm32cube.ide.mcu.externaltools.gnu-tools-for-stm32.7-2018-q2-update.win32_1.0.0.201904181610/tools/bin/../lib/gcc/arm-none-eabi/7.3.1/../../../../arm-none-eabi/lib/thumb/v7e-m/fpv4-sp/hard\libc_nano.a(lib_a-vsprintf.o)
                0x0000000008007f28                _vsprintf_r
                0x0000000008007f28                _vsiprintf_r
 .text.vsprintf
                0x0000000008007f54       0x14 c:/st/stm32cubeide_1.0.2/stm32cubeide/plugins/com.st.stm32cube.ide.mcu.externaltools.gnu-tools-for-stm32.7-2018-q2-update.win32_1.0.0.201904181610/tools/bin/../lib/gcc/arm-none-eabi/7.3.1/../../../../arm-none-eabi/lib/thumb/v7e-m/fpv4-sp/hard\libc_nano.a(lib_a-vsprintf.o)
                0x0000000008007f54                vsiprintf
                0x0000000008007f54                vsprintf
 .text.__ssputs_r
                0x0000000008007f68       0xb4 c:/st/stm32cubeide_1.0.2/stm32cubeide/plugins/com.st.stm32cube.ide.mcu.externaltools.gnu-tools-for-stm32.7-2018-q2-update.win32_1.0.0.201904181610/tools/bin/../lib/gcc/arm-none-eabi/7.3.1/../../../../arm-none-eabi/lib/thumb/v7e-m/fpv4-sp/hard\libc_nano.a(lib_a-nano-svfprintf.o)
                0x0000000008007f68                __ssputs_r
 .text._svfprintf_r
                0x000000000800801c      0x1f0 c:/st/stm32cubeide_1.0.2/stm32cubeide/plugins/com.st.stm32cube.ide.mcu.externaltools.gnu-tools-for-stm32.7-2018-q2-update.win32_1.0.0.201904181610/tools/bin/../lib/gcc/arm-none-eabi/7.3.1/../../../../arm-none-eabi/lib/thumb/v7e-m/fpv4-sp/hard\libc_nano.a(lib_a-nano-svfprintf.o)
                0x000000000800801c                _svfiprintf_r
                0x000000000800801c                _svfprintf_r
 .text._printf_common
                0x000000000800820c       0xea c:/st/stm32cubeide_1.0.2/stm32cubeide/plugins/com.st.stm32cube.ide.mcu.externaltools.gnu-tools-for-stm32.7-2018-q2-update.win32_1.0.0.201904181610/tools/bin/../lib/gcc/arm-none-eabi/7.3.1/../../../../arm-none-eabi/lib/thumb/v7e-m/fpv4-sp/hard\libc_nano.a(lib_a-nano-vfprintf_i.o)
                0x000000000800820c                _printf_common
 *fill*         0x00000000080082f6        0x2 
 .text._printf_i
                0x00000000080082f8      0x224 c:/st/stm32cubeide_1.0.2/stm32cubeide/plugins/com.st.stm32cube.ide.mcu.externaltools.gnu-tools-for-stm32.7-2018-q2-update.win32_1.0.0.201904181610/tools/bin/../lib/gcc/arm-none-eabi/7.3.1/../../../../arm-none-eabi/lib/thumb/v7e-m/fpv4-sp/hard\libc_nano.a(lib_a-nano-vfprintf_i.o)
                0x00000000080082f8                _printf_i
 .text.memmove  0x000000000800851c       0x32 c:/st/stm32cubeide_1.0.2/stm32cubeide/plugins/com.st.stm32cube.ide.mcu.externaltools.gnu-tools-for-stm32.7-2018-q2-update.win32_1.0.0.201904181610/tools/bin/../lib/gcc/arm-none-eabi/7.3.1/../../../../arm-none-eabi/lib/thumb/v7e-m/fpv4-sp/hard\libc_nano.a(lib_a-memmove.o)
                0x000000000800851c                memmove
 *fill*         0x000000000800854e        0x2 
 .text._free_r  0x0000000008008550       0x9c c:/st/stm32cubeide_1.0.2/stm32cubeide/plugins/com.st.stm32cube.ide.mcu.externaltools.gnu-tools-for-stm32.7-2018-q2-update.win32_1.0.0.201904181610/tools/bin/../lib/gcc/arm-none-eabi/7.3.1/../../../../arm-none-eabi/lib/thumb/v7e-m/fpv4-sp/hard\libc_nano.a(lib_a-nano-freer.o)
                0x0000000008008550                _free_r
 .text._malloc_r
                0x00000000080085ec       0xb4 c:/st/stm32cubeide_1.0.2/stm32cubeide/plugins/com.st.stm32cube.ide.mcu.externaltools.gnu-tools-for-stm32.7-2018-q2-update.win32_1.0.0.201904181610/tools/bin/../lib/gcc/arm-none-eabi/7.3.1/../../../../arm-none-eabi/lib/thumb/v7e-m/fpv4-sp/hard\libc_nano.a(lib_a-nano-mallocr.o)
                0x00000000080085ec                _malloc_r
 .text._realloc_r
                0x00000000080086a0       0x4c c:/st/stm32cubeide_1.0.2/stm32cubeide/plugins/com.st.stm32cube.ide.mcu.externaltools.gnu-tools-for-stm32.7-2018-q2-update.win32_1.0.0.201904181610/tools/bin/../lib/gcc/arm-none-eabi/7.3.1/../../../../arm-none-eabi/lib/thumb/v7e-m/fpv4-sp/hard\libc_nano.a(lib_a-nano-reallocr.o)
                0x00000000080086a0                _realloc_r
 .text._sbrk_r  0x00000000080086ec       0x20 c:/st/stm32cubeide_1.0.2/stm32cubeide/plugins/com.st.stm32cube.ide.mcu.externaltools.gnu-tools-for-stm32.7-2018-q2-update.win32_1.0.0.201904181610/tools/bin/../lib/gcc/arm-none-eabi/7.3.1/../../../../arm-none-eabi/lib/thumb/v7e-m/fpv4-sp/hard\libc_nano.a(lib_a-sbrkr.o)
                0x00000000080086ec                _sbrk_r
 .text.__malloc_lock
                0x000000000800870c        0x2 c:/st/stm32cubeide_1.0.2/stm32cubeide/plugins/com.st.stm32cube.ide.mcu.externaltools.gnu-tools-for-stm32.7-2018-q2-update.win32_1.0.0.201904181610/tools/bin/../lib/gcc/arm-none-eabi/7.3.1/../../../../arm-none-eabi/lib/thumb/v7e-m/fpv4-sp/hard\libc_nano.a(lib_a-mlock.o)
                0x000000000800870c                __malloc_lock
 .text.__malloc_unlock
                0x000000000800870e        0x2 c:/st/stm32cubeide_1.0.2/stm32cubeide/plugins/com.st.stm32cube.ide.mcu.externaltools.gnu-tools-for-stm32.7-2018-q2-update.win32_1.0.0.201904181610/tools/bin/../lib/gcc/arm-none-eabi/7.3.1/../../../../arm-none-eabi/lib/thumb/v7e-m/fpv4-sp/hard\libc_nano.a(lib_a-mlock.o)
                0x000000000800870e                __malloc_unlock
 .text._malloc_usable_size_r
                0x0000000008008710       0x10 c:/st/stm32cubeide_1.0.2/stm32cubeide/plugins/com.st.stm32cube.ide.mcu.externaltools.gnu-tools-for-stm32.7-2018-q2-update.win32_1.0.0.201904181610/tools/bin/../lib/gcc/arm-none-eabi/7.3.1/../../../../arm-none-eabi/lib/thumb/v7e-m/fpv4-sp/hard\libc_nano.a(lib_a-nano-msizer.o)
                0x0000000008008710                _malloc_usable_size_r
 *(.glue_7)
 .glue_7        0x0000000008008720        0x0 linker stubs
 *(.glue_7t)
 .glue_7t       0x0000000008008720        0x0 linker stubs
 *(.eh_frame)
 .eh_frame      0x0000000008008720        0x0 c:/st/stm32cubeide_1.0.2/stm32cubeide/plugins/com.st.stm32cube.ide.mcu.externaltools.gnu-tools-for-stm32.7-2018-q2-update.win32_1.0.0.201904181610/tools/bin/../lib/gcc/arm-none-eabi/7.3.1/thumb/v7e-m/fpv4-sp/hard/crtbegin.o
 *(.init)
 .init          0x0000000008008720        0x4 c:/st/stm32cubeide_1.0.2/stm32cubeide/plugins/com.st.stm32cube.ide.mcu.externaltools.gnu-tools-for-stm32.7-2018-q2-update.win32_1.0.0.201904181610/tools/bin/../lib/gcc/arm-none-eabi/7.3.1/thumb/v7e-m/fpv4-sp/hard/crti.o
                0x0000000008008720                _init
 .init          0x0000000008008724        0x8 c:/st/stm32cubeide_1.0.2/stm32cubeide/plugins/com.st.stm32cube.ide.mcu.externaltools.gnu-tools-for-stm32.7-2018-q2-update.win32_1.0.0.201904181610/tools/bin/../lib/gcc/arm-none-eabi/7.3.1/thumb/v7e-m/fpv4-sp/hard/crtn.o
 *(.fini)
 .fini          0x000000000800872c        0x4 c:/st/stm32cubeide_1.0.2/stm32cubeide/plugins/com.st.stm32cube.ide.mcu.externaltools.gnu-tools-for-stm32.7-2018-q2-update.win32_1.0.0.201904181610/tools/bin/../lib/gcc/arm-none-eabi/7.3.1/thumb/v7e-m/fpv4-sp/hard/crti.o
                0x000000000800872c                _fini
 .fini          0x0000000008008730        0x8 c:/st/stm32cubeide_1.0.2/stm32cubeide/plugins/com.st.stm32cube.ide.mcu.externaltools.gnu-tools-for-stm32.7-2018-q2-update.win32_1.0.0.201904181610/tools/bin/../lib/gcc/arm-none-eabi/7.3.1/thumb/v7e-m/fpv4-sp/hard/crtn.o
                0x0000000008008738                . = ALIGN (0x4)
                0x0000000008008738                _etext = .

.vfp11_veneer   0x0000000008008738        0x0
 .vfp11_veneer  0x0000000008008738        0x0 linker stubs

.v4_bx          0x0000000008008738        0x0
 .v4_bx         0x0000000008008738        0x0 linker stubs

.iplt           0x0000000008008738        0x0
 .iplt          0x0000000008008738        0x0 c:/st/stm32cubeide_1.0.2/stm32cubeide/plugins/com.st.stm32cube.ide.mcu.externaltools.gnu-tools-for-stm32.7-2018-q2-update.win32_1.0.0.201904181610/tools/bin/../lib/gcc/arm-none-eabi/7.3.1/thumb/v7e-m/fpv4-sp/hard/crtbegin.o

.rodata         0x0000000008008738      0x1bc
                0x0000000008008738                . = ALIGN (0x4)
 *(.rodata)
 .rodata        0x0000000008008738      0x139 Core/Src/control.o
 *fill*         0x0000000008008871        0x3 
 .rodata        0x0000000008008874       0x1b Core/Src/peripheral_func.o
 *(.rodata*)
 *fill*         0x000000000800888f        0x1 
 .rodata.start_adress_sector7
                0x0000000008008890        0x4 Core/Src/Flash_F405.o
                0x0000000008008890                start_adress_sector7
 .rodata.start_adress_sector9
                0x0000000008008894        0x4 Core/Src/Flash_F405.o
                0x0000000008008894                start_adress_sector9
 .rodata.start_adress_sector10
                0x0000000008008898        0x4 Core/Src/Flash_F405.o
                0x0000000008008898                start_adress_sector10
 .rodata.start_adress_sector11
                0x000000000800889c        0x4 Core/Src/Flash_F405.o
                0x000000000800889c                start_adress_sector11
 .rodata.AHBPrescTable
                0x00000000080088a0       0x10 Core/Src/system_stm32f4xx.o
                0x00000000080088a0                AHBPrescTable
 .rodata.APBPrescTable
                0x00000000080088b0        0x8 Core/Src/system_stm32f4xx.o
                0x00000000080088b0                APBPrescTable
 .rodata.flagBitshiftOffset.8538
                0x00000000080088b8        0x8 Drivers/STM32F4xx_HAL_Driver/Src/stm32f4xx_hal_dma.o
 .rodata._svfprintf_r.str1.1
                0x00000000080088c0       0x11 c:/st/stm32cubeide_1.0.2/stm32cubeide/plugins/com.st.stm32cube.ide.mcu.externaltools.gnu-tools-for-stm32.7-2018-q2-update.win32_1.0.0.201904181610/tools/bin/../lib/gcc/arm-none-eabi/7.3.1/../../../../arm-none-eabi/lib/thumb/v7e-m/fpv4-sp/hard\libc_nano.a(lib_a-nano-svfprintf.o)
 .rodata._printf_i.str1.1
                0x00000000080088d1       0x22 c:/st/stm32cubeide_1.0.2/stm32cubeide/plugins/com.st.stm32cube.ide.mcu.externaltools.gnu-tools-for-stm32.7-2018-q2-update.win32_1.0.0.201904181610/tools/bin/../lib/gcc/arm-none-eabi/7.3.1/../../../../arm-none-eabi/lib/thumb/v7e-m/fpv4-sp/hard\libc_nano.a(lib_a-nano-vfprintf_i.o)
                0x00000000080088f4                . = ALIGN (0x4)
 *fill*         0x00000000080088f3        0x1 

.ARM.extab      0x00000000080088f4        0x0
                0x00000000080088f4                . = ALIGN (0x4)
 *(.ARM.extab* .gnu.linkonce.armextab.*)
                0x00000000080088f4                . = ALIGN (0x4)

.ARM            0x00000000080088f4        0x8
                0x00000000080088f4                . = ALIGN (0x4)
                0x00000000080088f4                __exidx_start = .
 *(.ARM.exidx*)
 .ARM.exidx     0x00000000080088f4        0x8 c:/st/stm32cubeide_1.0.2/stm32cubeide/plugins/com.st.stm32cube.ide.mcu.externaltools.gnu-tools-for-stm32.7-2018-q2-update.win32_1.0.0.201904181610/tools/bin/../lib/gcc/arm-none-eabi/7.3.1/thumb/v7e-m/fpv4-sp/hard\libgcc.a(_udivmoddi4.o)
                0x00000000080088fc                __exidx_end = .
                0x00000000080088fc                . = ALIGN (0x4)

.rel.dyn        0x00000000080088fc        0x0
 .rel.iplt      0x00000000080088fc        0x0 c:/st/stm32cubeide_1.0.2/stm32cubeide/plugins/com.st.stm32cube.ide.mcu.externaltools.gnu-tools-for-stm32.7-2018-q2-update.win32_1.0.0.201904181610/tools/bin/../lib/gcc/arm-none-eabi/7.3.1/thumb/v7e-m/fpv4-sp/hard/crtbegin.o

.preinit_array  0x00000000080088fc        0x0
                0x00000000080088fc                . = ALIGN (0x4)
                0x00000000080088fc                PROVIDE (__preinit_array_start = .)
 *(.preinit_array*)
                0x00000000080088fc                PROVIDE (__preinit_array_end = .)
                0x00000000080088fc                . = ALIGN (0x4)

.init_array     0x00000000080088fc        0x4
                0x00000000080088fc                . = ALIGN (0x4)
                0x00000000080088fc                PROVIDE (__init_array_start = .)
 *(SORT_BY_NAME(.init_array.*))
 *(.init_array*)
 .init_array    0x00000000080088fc        0x4 c:/st/stm32cubeide_1.0.2/stm32cubeide/plugins/com.st.stm32cube.ide.mcu.externaltools.gnu-tools-for-stm32.7-2018-q2-update.win32_1.0.0.201904181610/tools/bin/../lib/gcc/arm-none-eabi/7.3.1/thumb/v7e-m/fpv4-sp/hard/crtbegin.o
                0x0000000008008900                PROVIDE (__init_array_end = .)
                0x0000000008008900                . = ALIGN (0x4)

.fini_array     0x0000000008008900        0x4
                0x0000000008008900                . = ALIGN (0x4)
                [!provide]                        PROVIDE (__fini_array_start = .)
 *(SORT_BY_NAME(.fini_array.*))
 *(.fini_array*)
 .fini_array    0x0000000008008900        0x4 c:/st/stm32cubeide_1.0.2/stm32cubeide/plugins/com.st.stm32cube.ide.mcu.externaltools.gnu-tools-for-stm32.7-2018-q2-update.win32_1.0.0.201904181610/tools/bin/../lib/gcc/arm-none-eabi/7.3.1/thumb/v7e-m/fpv4-sp/hard/crtbegin.o
                [!provide]                        PROVIDE (__fini_array_end = .)
                0x0000000008008904                . = ALIGN (0x4)
                0x0000000008008904                _sidata = LOADADDR (.data)

.data           0x0000000020000000       0x70 load address 0x0000000008008904
                0x0000000020000000                . = ALIGN (0x4)
                0x0000000020000000                _sdata = .
 *(.data)
 *(.data*)
 .data.SystemCoreClock
                0x0000000020000000        0x4 Core/Src/system_stm32f4xx.o
                0x0000000020000000                SystemCoreClock
 .data.uwTickPrio
                0x0000000020000004        0x4 Drivers/STM32F4xx_HAL_Driver/Src/stm32f4xx_hal.o
                0x0000000020000004                uwTickPrio
 .data.uwTickFreq
                0x0000000020000008        0x1 Drivers/STM32F4xx_HAL_Driver/Src/stm32f4xx_hal.o
                0x0000000020000008                uwTickFreq
 *fill*         0x0000000020000009        0x3 
 .data._impure_ptr
                0x000000002000000c        0x4 c:/st/stm32cubeide_1.0.2/stm32cubeide/plugins/com.st.stm32cube.ide.mcu.externaltools.gnu-tools-for-stm32.7-2018-q2-update.win32_1.0.0.201904181610/tools/bin/../lib/gcc/arm-none-eabi/7.3.1/../../../../arm-none-eabi/lib/thumb/v7e-m/fpv4-sp/hard\libc_nano.a(lib_a-impure.o)
                0x000000002000000c                _impure_ptr
 .data.impure_data
                0x0000000020000010       0x60 c:/st/stm32cubeide_1.0.2/stm32cubeide/plugins/com.st.stm32cube.ide.mcu.externaltools.gnu-tools-for-stm32.7-2018-q2-update.win32_1.0.0.201904181610/tools/bin/../lib/gcc/arm-none-eabi/7.3.1/../../../../arm-none-eabi/lib/thumb/v7e-m/fpv4-sp/hard\libc_nano.a(lib_a-impure.o)
                0x0000000020000070                . = ALIGN (0x4)
                0x0000000020000070                _edata = .

.igot.plt       0x0000000020000070        0x0 load address 0x0000000008008974
 .igot.plt      0x0000000020000070        0x0 c:/st/stm32cubeide_1.0.2/stm32cubeide/plugins/com.st.stm32cube.ide.mcu.externaltools.gnu-tools-for-stm32.7-2018-q2-update.win32_1.0.0.201904181610/tools/bin/../lib/gcc/arm-none-eabi/7.3.1/thumb/v7e-m/fpv4-sp/hard/crtbegin.o
                0x0000000020000070                . = ALIGN (0x4)

.bss            0x0000000020000070      0x454 load address 0x0000000008008974
                0x0000000020000070                _sbss = .
                0x0000000020000070                __bss_start__ = _sbss
 *(.bss)
 .bss           0x0000000020000070       0x1c c:/st/stm32cubeide_1.0.2/stm32cubeide/plugins/com.st.stm32cube.ide.mcu.externaltools.gnu-tools-for-stm32.7-2018-q2-update.win32_1.0.0.201904181610/tools/bin/../lib/gcc/arm-none-eabi/7.3.1/thumb/v7e-m/fpv4-sp/hard/crtbegin.o
 *(.bss*)
 .bss.enc_tim1_ms
                0x000000002000008c        0x2 Core/Src/peripheral_func.o
                0x000000002000008c                enc_tim1_ms
 .bss.enc_tim8_ms
                0x000000002000008e        0x2 Core/Src/peripheral_func.o
                0x000000002000008e                enc_tim8_ms
 .bss.enc_tim1_total
                0x0000000020000090        0x8 Core/Src/peripheral_func.o
                0x0000000020000090                enc_tim1_total
 .bss.enc_tim8_total
                0x0000000020000098        0x8 Core/Src/peripheral_func.o
                0x0000000020000098                enc_tim8_total
 .bss.enc_tim_total
                0x00000000200000a0        0x8 Core/Src/peripheral_func.o
                0x00000000200000a0                enc_tim_total
 .bss.setup_mode
                0x00000000200000a8        0x1 Core/Src/peripheral_func.o
                0x00000000200000a8                setup_mode
 .bss.check_sens_val
                0x00000000200000a9        0x1 Core/Src/peripheral_func.o
                0x00000000200000a9                check_sens_val
 .bss.sw_center_state
                0x00000000200000aa        0x1 Core/Src/peripheral_func.o
                0x00000000200000aa                sw_center_state
 *fill*         0x00000000200000ab        0x1 
 .bss.heap_end.6424
                0x00000000200000ac        0x4 Core/Src/sysmem.o
 .bss.__malloc_free_list
                0x00000000200000b0        0x4 c:/st/stm32cubeide_1.0.2/stm32cubeide/plugins/com.st.stm32cube.ide.mcu.externaltools.gnu-tools-for-stm32.7-2018-q2-update.win32_1.0.0.201904181610/tools/bin/../lib/gcc/arm-none-eabi/7.3.1/../../../../arm-none-eabi/lib/thumb/v7e-m/fpv4-sp/hard\libc_nano.a(lib_a-nano-mallocr.o)
                0x00000000200000b0                __malloc_free_list
 .bss.__malloc_sbrk_start
                0x00000000200000b4        0x4 c:/st/stm32cubeide_1.0.2/stm32cubeide/plugins/com.st.stm32cube.ide.mcu.externaltools.gnu-tools-for-stm32.7-2018-q2-update.win32_1.0.0.201904181610/tools/bin/../lib/gcc/arm-none-eabi/7.3.1/../../../../arm-none-eabi/lib/thumb/v7e-m/fpv4-sp/hard\libc_nano.a(lib_a-nano-mallocr.o)
                0x00000000200000b4                __malloc_sbrk_start
 *(COMMON)
 COMMON         0x00000000200000b8        0xc Core/Src/ICM20648.o
                0x00000000200000b8                zg
                0x00000000200000ba                za
                0x00000000200000bc                xa
                0x00000000200000be                yg
                0x00000000200000c0                xg
                0x00000000200000c2                ya
 COMMON         0x00000000200000c4      0x3a8 Core/Src/main.o
                0x00000000200000c4                htim8
                0x0000000020000104                hi2c1
                0x0000000020000158                hi2c2
                0x00000000200001ac                htim3
                0x00000000200001ec                hspi3
                0x0000000020000244                hadc1
                0x000000002000028c                huart1
                0x00000000200002cc                hdma_adc1
                0x000000002000032c                htim6
                0x000000002000036c                htim1
                0x00000000200003ac                htim2
                0x00000000200003ec                htim12
                0x000000002000042c                htim7
 COMMON         0x000000002000046c       0x30 Core/Src/peripheral_func.o
                0x000000002000046c                line_sen9
                0x000000002000046e                line_sen4
                0x0000000020000470                line_sen3
                0x0000000020000472                line_sen7
                0x0000000020000474                line_sen2
                0x0000000020000476                line_sen6
                0x0000000020000478                ADC1_Buff
                0x0000000020000490                line_sen8
                0x0000000020000492                line_sen1
                0x0000000020000494                line_sen10
                0x0000000020000496                line_sen5
                0x0000000020000498                line_sen0
                0x000000002000049a                line_sen11
 COMMON         0x000000002000049c        0x4 Drivers/STM32F4xx_HAL_Driver/Src/stm32f4xx_hal.o
                0x000000002000049c                uwTick
 COMMON         0x00000000200004a0       0x20 Drivers/STM32F4xx_HAL_Driver/Src/stm32f4xx_hal_flash.o
                0x00000000200004a0                pFlash
 COMMON         0x00000000200004c0        0x4 c:/st/stm32cubeide_1.0.2/stm32cubeide/plugins/com.st.stm32cube.ide.mcu.externaltools.gnu-tools-for-stm32.7-2018-q2-update.win32_1.0.0.201904181610/tools/bin/../lib/gcc/arm-none-eabi/7.3.1/../../../../arm-none-eabi/lib/thumb/v7e-m/fpv4-sp/hard\libc_nano.a(lib_a-reent.o)
                0x00000000200004c0                errno
                0x00000000200004c4                . = ALIGN (0x4)
                0x00000000200004c4                _ebss = .
                0x00000000200004c4                __bss_end__ = _ebss

._user_heap_stack
                0x00000000200004c4      0x604 load address 0x0000000008008974
                0x00000000200004c8                . = ALIGN (0x8)
 *fill*         0x00000000200004c4        0x4 
                0x00000000200004c8                PROVIDE (end = .)
                [!provide]                        PROVIDE (_end = .)
                0x00000000200006c8                . = (. + _Min_Heap_Size)
 *fill*         0x00000000200004c8      0x200 
                0x0000000020000ac8                . = (. + _Min_Stack_Size)
 *fill*         0x00000000200006c8      0x400 
                0x0000000020000ac8                . = ALIGN (0x8)

/DISCARD/
 libc.a(*)
 libm.a(*)
 libgcc.a(*)

.ARM.attributes
                0x0000000000000000       0x30
 *(.ARM.attributes)
 .ARM.attributes
                0x0000000000000000       0x22 c:/st/stm32cubeide_1.0.2/stm32cubeide/plugins/com.st.stm32cube.ide.mcu.externaltools.gnu-tools-for-stm32.7-2018-q2-update.win32_1.0.0.201904181610/tools/bin/../lib/gcc/arm-none-eabi/7.3.1/thumb/v7e-m/fpv4-sp/hard/crti.o
 .ARM.attributes
                0x0000000000000022       0x34 c:/st/stm32cubeide_1.0.2/stm32cubeide/plugins/com.st.stm32cube.ide.mcu.externaltools.gnu-tools-for-stm32.7-2018-q2-update.win32_1.0.0.201904181610/tools/bin/../lib/gcc/arm-none-eabi/7.3.1/thumb/v7e-m/fpv4-sp/hard/crtbegin.o
 .ARM.attributes
                0x0000000000000056       0x39 Core/Src/AQM0802.o
 .ARM.attributes
                0x000000000000008f       0x39 Core/Src/Flash_F405.o
 .ARM.attributes
                0x00000000000000c8       0x39 Core/Src/ICM20648.o
 .ARM.attributes
                0x0000000000000101       0x39 Core/Src/INA260.o
 .ARM.attributes
                0x000000000000013a       0x39 Core/Src/calculate.o
 .ARM.attributes
                0x0000000000000173       0x39 Core/Src/control.o
 .ARM.attributes
                0x00000000000001ac       0x39 Core/Src/main.o
 .ARM.attributes
                0x00000000000001e5       0x39 Core/Src/peripheral_func.o
 .ARM.attributes
                0x000000000000021e       0x39 Core/Src/stm32f4xx_hal_msp.o
 .ARM.attributes
                0x0000000000000257       0x39 Core/Src/stm32f4xx_it.o
 .ARM.attributes
                0x0000000000000290       0x39 Core/Src/sysmem.o
 .ARM.attributes
                0x00000000000002c9       0x39 Core/Src/system_stm32f4xx.o
 .ARM.attributes
                0x0000000000000302       0x21 Core/Startup/startup_stm32f405rgtx.o
 .ARM.attributes
                0x0000000000000323       0x39 Drivers/STM32F4xx_HAL_Driver/Src/stm32f4xx_hal.o
 .ARM.attributes
                0x000000000000035c       0x39 Drivers/STM32F4xx_HAL_Driver/Src/stm32f4xx_hal_adc.o
 .ARM.attributes
                0x0000000000000395       0x39 Drivers/STM32F4xx_HAL_Driver/Src/stm32f4xx_hal_cortex.o
 .ARM.attributes
                0x00000000000003ce       0x39 Drivers/STM32F4xx_HAL_Driver/Src/stm32f4xx_hal_dma.o
 .ARM.attributes
                0x0000000000000407       0x39 Drivers/STM32F4xx_HAL_Driver/Src/stm32f4xx_hal_flash.o
 .ARM.attributes
                0x0000000000000440       0x39 Drivers/STM32F4xx_HAL_Driver/Src/stm32f4xx_hal_flash_ex.o
 .ARM.attributes
                0x0000000000000479       0x39 Drivers/STM32F4xx_HAL_Driver/Src/stm32f4xx_hal_gpio.o
 .ARM.attributes
                0x00000000000004b2       0x39 Drivers/STM32F4xx_HAL_Driver/Src/stm32f4xx_hal_i2c.o
 .ARM.attributes
                0x00000000000004eb       0x39 Drivers/STM32F4xx_HAL_Driver/Src/stm32f4xx_hal_rcc.o
 .ARM.attributes
                0x0000000000000524       0x39 Drivers/STM32F4xx_HAL_Driver/Src/stm32f4xx_hal_spi.o
 .ARM.attributes
                0x000000000000055d       0x39 Drivers/STM32F4xx_HAL_Driver/Src/stm32f4xx_hal_tim.o
 .ARM.attributes
                0x0000000000000596       0x39 Drivers/STM32F4xx_HAL_Driver/Src/stm32f4xx_hal_tim_ex.o
 .ARM.attributes
                0x00000000000005cf       0x39 Drivers/STM32F4xx_HAL_Driver/Src/stm32f4xx_hal_uart.o
 .ARM.attributes
                0x0000000000000608       0x34 c:/st/stm32cubeide_1.0.2/stm32cubeide/plugins/com.st.stm32cube.ide.mcu.externaltools.gnu-tools-for-stm32.7-2018-q2-update.win32_1.0.0.201904181610/tools/bin/../lib/gcc/arm-none-eabi/7.3.1/../../../../arm-none-eabi/lib/thumb/v7e-m/fpv4-sp/hard\libc_nano.a(lib_a-errno.o)
 .ARM.attributes
                0x000000000000063c       0x34 c:/st/stm32cubeide_1.0.2/stm32cubeide/plugins/com.st.stm32cube.ide.mcu.externaltools.gnu-tools-for-stm32.7-2018-q2-update.win32_1.0.0.201904181610/tools/bin/../lib/gcc/arm-none-eabi/7.3.1/../../../../arm-none-eabi/lib/thumb/v7e-m/fpv4-sp/hard\libc_nano.a(lib_a-impure.o)
 .ARM.attributes
                0x0000000000000670       0x34 c:/st/stm32cubeide_1.0.2/stm32cubeide/plugins/com.st.stm32cube.ide.mcu.externaltools.gnu-tools-for-stm32.7-2018-q2-update.win32_1.0.0.201904181610/tools/bin/../lib/gcc/arm-none-eabi/7.3.1/../../../../arm-none-eabi/lib/thumb/v7e-m/fpv4-sp/hard\libc_nano.a(lib_a-init.o)
 .ARM.attributes
                0x00000000000006a4       0x34 c:/st/stm32cubeide_1.0.2/stm32cubeide/plugins/com.st.stm32cube.ide.mcu.externaltools.gnu-tools-for-stm32.7-2018-q2-update.win32_1.0.0.201904181610/tools/bin/../lib/gcc/arm-none-eabi/7.3.1/../../../../arm-none-eabi/lib/thumb/v7e-m/fpv4-sp/hard\libc_nano.a(lib_a-memcpy-stub.o)
 .ARM.attributes
                0x00000000000006d8       0x34 c:/st/stm32cubeide_1.0.2/stm32cubeide/plugins/com.st.stm32cube.ide.mcu.externaltools.gnu-tools-for-stm32.7-2018-q2-update.win32_1.0.0.201904181610/tools/bin/../lib/gcc/arm-none-eabi/7.3.1/../../../../arm-none-eabi/lib/thumb/v7e-m/fpv4-sp/hard\libc_nano.a(lib_a-memset.o)
 .ARM.attributes
                0x000000000000070c       0x34 c:/st/stm32cubeide_1.0.2/stm32cubeide/plugins/com.st.stm32cube.ide.mcu.externaltools.gnu-tools-for-stm32.7-2018-q2-update.win32_1.0.0.201904181610/tools/bin/../lib/gcc/arm-none-eabi/7.3.1/../../../../arm-none-eabi/lib/thumb/v7e-m/fpv4-sp/hard\libc_nano.a(lib_a-vsprintf.o)
 .ARM.attributes
                0x0000000000000740       0x34 c:/st/stm32cubeide_1.0.2/stm32cubeide/plugins/com.st.stm32cube.ide.mcu.externaltools.gnu-tools-for-stm32.7-2018-q2-update.win32_1.0.0.201904181610/tools/bin/../lib/gcc/arm-none-eabi/7.3.1/../../../../arm-none-eabi/lib/thumb/v7e-m/fpv4-sp/hard\libc_nano.a(lib_a-nano-svfprintf.o)
 .ARM.attributes
                0x0000000000000774       0x34 c:/st/stm32cubeide_1.0.2/stm32cubeide/plugins/com.st.stm32cube.ide.mcu.externaltools.gnu-tools-for-stm32.7-2018-q2-update.win32_1.0.0.201904181610/tools/bin/../lib/gcc/arm-none-eabi/7.3.1/../../../../arm-none-eabi/lib/thumb/v7e-m/fpv4-sp/hard\libc_nano.a(lib_a-nano-vfprintf_i.o)
 .ARM.attributes
                0x00000000000007a8       0x20 c:/st/stm32cubeide_1.0.2/stm32cubeide/plugins/com.st.stm32cube.ide.mcu.externaltools.gnu-tools-for-stm32.7-2018-q2-update.win32_1.0.0.201904181610/tools/bin/../lib/gcc/arm-none-eabi/7.3.1/../../../../arm-none-eabi/lib/thumb/v7e-m/fpv4-sp/hard\libc_nano.a(lib_a-memchr.o)
 .ARM.attributes
                0x00000000000007c8       0x34 c:/st/stm32cubeide_1.0.2/stm32cubeide/plugins/com.st.stm32cube.ide.mcu.externaltools.gnu-tools-for-stm32.7-2018-q2-update.win32_1.0.0.201904181610/tools/bin/../lib/gcc/arm-none-eabi/7.3.1/../../../../arm-none-eabi/lib/thumb/v7e-m/fpv4-sp/hard\libc_nano.a(lib_a-memmove.o)
 .ARM.attributes
                0x00000000000007fc       0x34 c:/st/stm32cubeide_1.0.2/stm32cubeide/plugins/com.st.stm32cube.ide.mcu.externaltools.gnu-tools-for-stm32.7-2018-q2-update.win32_1.0.0.201904181610/tools/bin/../lib/gcc/arm-none-eabi/7.3.1/../../../../arm-none-eabi/lib/thumb/v7e-m/fpv4-sp/hard\libc_nano.a(lib_a-nano-freer.o)
 .ARM.attributes
                0x0000000000000830       0x34 c:/st/stm32cubeide_1.0.2/stm32cubeide/plugins/com.st.stm32cube.ide.mcu.externaltools.gnu-tools-for-stm32.7-2018-q2-update.win32_1.0.0.201904181610/tools/bin/../lib/gcc/arm-none-eabi/7.3.1/../../../../arm-none-eabi/lib/thumb/v7e-m/fpv4-sp/hard\libc_nano.a(lib_a-nano-mallocr.o)
 .ARM.attributes
                0x0000000000000864       0x34 c:/st/stm32cubeide_1.0.2/stm32cubeide/plugins/com.st.stm32cube.ide.mcu.externaltools.gnu-tools-for-stm32.7-2018-q2-update.win32_1.0.0.201904181610/tools/bin/../lib/gcc/arm-none-eabi/7.3.1/../../../../arm-none-eabi/lib/thumb/v7e-m/fpv4-sp/hard\libc_nano.a(lib_a-nano-reallocr.o)
 .ARM.attributes
                0x0000000000000898       0x34 c:/st/stm32cubeide_1.0.2/stm32cubeide/plugins/com.st.stm32cube.ide.mcu.externaltools.gnu-tools-for-stm32.7-2018-q2-update.win32_1.0.0.201904181610/tools/bin/../lib/gcc/arm-none-eabi/7.3.1/../../../../arm-none-eabi/lib/thumb/v7e-m/fpv4-sp/hard\libc_nano.a(lib_a-sbrkr.o)
 .ARM.attributes
                0x00000000000008cc       0x34 c:/st/stm32cubeide_1.0.2/stm32cubeide/plugins/com.st.stm32cube.ide.mcu.externaltools.gnu-tools-for-stm32.7-2018-q2-update.win32_1.0.0.201904181610/tools/bin/../lib/gcc/arm-none-eabi/7.3.1/../../../../arm-none-eabi/lib/thumb/v7e-m/fpv4-sp/hard\libc_nano.a(lib_a-mlock.o)
 .ARM.attributes
                0x0000000000000900       0x34 c:/st/stm32cubeide_1.0.2/stm32cubeide/plugins/com.st.stm32cube.ide.mcu.externaltools.gnu-tools-for-stm32.7-2018-q2-update.win32_1.0.0.201904181610/tools/bin/../lib/gcc/arm-none-eabi/7.3.1/../../../../arm-none-eabi/lib/thumb/v7e-m/fpv4-sp/hard\libc_nano.a(lib_a-nano-msizer.o)
 .ARM.attributes
                0x0000000000000934       0x34 c:/st/stm32cubeide_1.0.2/stm32cubeide/plugins/com.st.stm32cube.ide.mcu.externaltools.gnu-tools-for-stm32.7-2018-q2-update.win32_1.0.0.201904181610/tools/bin/../lib/gcc/arm-none-eabi/7.3.1/../../../../arm-none-eabi/lib/thumb/v7e-m/fpv4-sp/hard\libc_nano.a(lib_a-reent.o)
 .ARM.attributes
                0x0000000000000968       0x22 c:/st/stm32cubeide_1.0.2/stm32cubeide/plugins/com.st.stm32cube.ide.mcu.externaltools.gnu-tools-for-stm32.7-2018-q2-update.win32_1.0.0.201904181610/tools/bin/../lib/gcc/arm-none-eabi/7.3.1/thumb/v7e-m/fpv4-sp/hard\libgcc.a(_arm_addsubdf3.o)
 .ARM.attributes
                0x000000000000098a       0x22 c:/st/stm32cubeide_1.0.2/stm32cubeide/plugins/com.st.stm32cube.ide.mcu.externaltools.gnu-tools-for-stm32.7-2018-q2-update.win32_1.0.0.201904181610/tools/bin/../lib/gcc/arm-none-eabi/7.3.1/thumb/v7e-m/fpv4-sp/hard\libgcc.a(_arm_addsubsf3.o)
 .ARM.attributes
                0x00000000000009ac       0x22 c:/st/stm32cubeide_1.0.2/stm32cubeide/plugins/com.st.stm32cube.ide.mcu.externaltools.gnu-tools-for-stm32.7-2018-q2-update.win32_1.0.0.201904181610/tools/bin/../lib/gcc/arm-none-eabi/7.3.1/thumb/v7e-m/fpv4-sp/hard\libgcc.a(_aeabi_uldivmod.o)
 .ARM.attributes
                0x00000000000009ce       0x34 c:/st/stm32cubeide_1.0.2/stm32cubeide/plugins/com.st.stm32cube.ide.mcu.externaltools.gnu-tools-for-stm32.7-2018-q2-update.win32_1.0.0.201904181610/tools/bin/../lib/gcc/arm-none-eabi/7.3.1/thumb/v7e-m/fpv4-sp/hard\libgcc.a(_udivmoddi4.o)
 .ARM.attributes
                0x0000000000000a02       0x22 c:/st/stm32cubeide_1.0.2/stm32cubeide/plugins/com.st.stm32cube.ide.mcu.externaltools.gnu-tools-for-stm32.7-2018-q2-update.win32_1.0.0.201904181610/tools/bin/../lib/gcc/arm-none-eabi/7.3.1/thumb/v7e-m/fpv4-sp/hard\libgcc.a(_dvmd_tls.o)
 .ARM.attributes
                0x0000000000000a24       0x22 c:/st/stm32cubeide_1.0.2/stm32cubeide/plugins/com.st.stm32cube.ide.mcu.externaltools.gnu-tools-for-stm32.7-2018-q2-update.win32_1.0.0.201904181610/tools/bin/../lib/gcc/arm-none-eabi/7.3.1/thumb/v7e-m/fpv4-sp/hard/crtn.o
OUTPUT(robotoreV2.elf elf32-littlearm)

.debug_info     0x0000000000000000    0x1a328
 .debug_info    0x0000000000000000      0xff2 Core/Src/AQM0802.o
 .debug_info    0x0000000000000ff2      0xd91 Core/Src/Flash_F405.o
 .debug_info    0x0000000000001d83      0x8a1 Core/Src/ICM20648.o
 .debug_info    0x0000000000002624      0x75f Core/Src/INA260.o
 .debug_info    0x0000000000002d83     0x1ab8 Core/Src/calculate.o
 .debug_info    0x000000000000483b     0x1af5 Core/Src/control.o
 .debug_info    0x0000000000006330     0x254b Core/Src/main.o
 .debug_info    0x000000000000887b     0x1d0a Core/Src/peripheral_func.o
 .debug_info    0x000000000000a585     0x19cd Core/Src/stm32f4xx_hal_msp.o
 .debug_info    0x000000000000bf52      0x76e Core/Src/stm32f4xx_it.o
 .debug_info    0x000000000000c6c0      0x91c Core/Src/sysmem.o
 .debug_info    0x000000000000cfdc      0x554 Core/Src/system_stm32f4xx.o
 .debug_info    0x000000000000d530       0x22 Core/Startup/startup_stm32f405rgtx.o
 .debug_info    0x000000000000d552      0x933 Drivers/STM32F4xx_HAL_Driver/Src/stm32f4xx_hal.o
 .debug_info    0x000000000000de85      0xcee Drivers/STM32F4xx_HAL_Driver/Src/stm32f4xx_hal_adc.o
 .debug_info    0x000000000000eb73      0xe16 Drivers/STM32F4xx_HAL_Driver/Src/stm32f4xx_hal_cortex.o
 .debug_info    0x000000000000f989      0x968 Drivers/STM32F4xx_HAL_Driver/Src/stm32f4xx_hal_dma.o
 .debug_info    0x00000000000102f1      0x622 Drivers/STM32F4xx_HAL_Driver/Src/stm32f4xx_hal_flash.o
 .debug_info    0x0000000000010913      0x721 Drivers/STM32F4xx_HAL_Driver/Src/stm32f4xx_hal_flash_ex.o
 .debug_info    0x0000000000011034      0x7b5 Drivers/STM32F4xx_HAL_Driver/Src/stm32f4xx_hal_gpio.o
 .debug_info    0x00000000000117e9     0x23b5 Drivers/STM32F4xx_HAL_Driver/Src/stm32f4xx_hal_i2c.o
 .debug_info    0x0000000000013b9e      0x904 Drivers/STM32F4xx_HAL_Driver/Src/stm32f4xx_hal_rcc.o
 .debug_info    0x00000000000144a2     0x163a Drivers/STM32F4xx_HAL_Driver/Src/stm32f4xx_hal_spi.o
 .debug_info    0x0000000000015adc     0x24a9 Drivers/STM32F4xx_HAL_Driver/Src/stm32f4xx_hal_tim.o
 .debug_info    0x0000000000017f85     0x1157 Drivers/STM32F4xx_HAL_Driver/Src/stm32f4xx_hal_tim_ex.o
 .debug_info    0x00000000000190dc     0x124c Drivers/STM32F4xx_HAL_Driver/Src/stm32f4xx_hal_uart.o

.debug_abbrev   0x0000000000000000     0x3443
 .debug_abbrev  0x0000000000000000      0x23e Core/Src/AQM0802.o
 .debug_abbrev  0x000000000000023e      0x215 Core/Src/Flash_F405.o
 .debug_abbrev  0x0000000000000453      0x1db Core/Src/ICM20648.o
 .debug_abbrev  0x000000000000062e      0x19b Core/Src/INA260.o
 .debug_abbrev  0x00000000000007c9      0x23c Core/Src/calculate.o
 .debug_abbrev  0x0000000000000a05      0x218 Core/Src/control.o
 .debug_abbrev  0x0000000000000c1d      0x2aa Core/Src/main.o
 .debug_abbrev  0x0000000000000ec7      0x291 Core/Src/peripheral_func.o
 .debug_abbrev  0x0000000000001158      0x1f8 Core/Src/stm32f4xx_hal_msp.o
 .debug_abbrev  0x0000000000001350      0x172 Core/Src/stm32f4xx_it.o
 .debug_abbrev  0x00000000000014c2      0x1bb Core/Src/sysmem.o
 .debug_abbrev  0x000000000000167d      0x12b Core/Src/system_stm32f4xx.o
 .debug_abbrev  0x00000000000017a8       0x12 Core/Startup/startup_stm32f405rgtx.o
 .debug_abbrev  0x00000000000017ba      0x1c7 Drivers/STM32F4xx_HAL_Driver/Src/stm32f4xx_hal.o
 .debug_abbrev  0x0000000000001981      0x205 Drivers/STM32F4xx_HAL_Driver/Src/stm32f4xx_hal_adc.o
 .debug_abbrev  0x0000000000001b86      0x2fa Drivers/STM32F4xx_HAL_Driver/Src/stm32f4xx_hal_cortex.o
 .debug_abbrev  0x0000000000001e80      0x229 Drivers/STM32F4xx_HAL_Driver/Src/stm32f4xx_hal_dma.o
 .debug_abbrev  0x00000000000020a9      0x248 Drivers/STM32F4xx_HAL_Driver/Src/stm32f4xx_hal_flash.o
 .debug_abbrev  0x00000000000022f1      0x220 Drivers/STM32F4xx_HAL_Driver/Src/stm32f4xx_hal_flash_ex.o
 .debug_abbrev  0x0000000000002511      0x1c9 Drivers/STM32F4xx_HAL_Driver/Src/stm32f4xx_hal_gpio.o
 .debug_abbrev  0x00000000000026da      0x254 Drivers/STM32F4xx_HAL_Driver/Src/stm32f4xx_hal_i2c.o
 .debug_abbrev  0x000000000000292e      0x245 Drivers/STM32F4xx_HAL_Driver/Src/stm32f4xx_hal_rcc.o
 .debug_abbrev  0x0000000000002b73      0x240 Drivers/STM32F4xx_HAL_Driver/Src/stm32f4xx_hal_spi.o
 .debug_abbrev  0x0000000000002db3      0x230 Drivers/STM32F4xx_HAL_Driver/Src/stm32f4xx_hal_tim.o
 .debug_abbrev  0x0000000000002fe3      0x21e Drivers/STM32F4xx_HAL_Driver/Src/stm32f4xx_hal_tim_ex.o
 .debug_abbrev  0x0000000000003201      0x242 Drivers/STM32F4xx_HAL_Driver/Src/stm32f4xx_hal_uart.o

.debug_aranges  0x0000000000000000     0x1510
 .debug_aranges
                0x0000000000000000       0x50 Core/Src/AQM0802.o
 .debug_aranges
                0x0000000000000050       0x88 Core/Src/Flash_F405.o
 .debug_aranges
                0x00000000000000d8       0x50 Core/Src/ICM20648.o
 .debug_aranges
                0x0000000000000128       0x38 Core/Src/INA260.o
 .debug_aranges
                0x0000000000000160       0x28 Core/Src/calculate.o
 .debug_aranges
                0x0000000000000188       0x28 Core/Src/control.o
 .debug_aranges
                0x00000000000001b0       0xa0 Core/Src/main.o
 .debug_aranges
                0x0000000000000250       0x60 Core/Src/peripheral_func.o
 .debug_aranges
                0x00000000000002b0       0x98 Core/Src/stm32f4xx_hal_msp.o
 .debug_aranges
                0x0000000000000348       0x90 Core/Src/stm32f4xx_it.o
 .debug_aranges
                0x00000000000003d8       0x20 Core/Src/sysmem.o
 .debug_aranges
                0x00000000000003f8       0x28 Core/Src/system_stm32f4xx.o
 .debug_aranges
                0x0000000000000420       0x28 Core/Startup/startup_stm32f405rgtx.o
 .debug_aranges
                0x0000000000000448       0xf0 Drivers/STM32F4xx_HAL_Driver/Src/stm32f4xx_hal.o
 .debug_aranges
                0x0000000000000538       0xe8 Drivers/STM32F4xx_HAL_Driver/Src/stm32f4xx_hal_adc.o
 .debug_aranges
                0x0000000000000620      0x118 Drivers/STM32F4xx_HAL_Driver/Src/stm32f4xx_hal_cortex.o
 .debug_aranges
                0x0000000000000738       0x90 Drivers/STM32F4xx_HAL_Driver/Src/stm32f4xx_hal_dma.o
 .debug_aranges
                0x00000000000007c8       0xa0 Drivers/STM32F4xx_HAL_Driver/Src/stm32f4xx_hal_flash.o
 .debug_aranges
                0x0000000000000868       0x98 Drivers/STM32F4xx_HAL_Driver/Src/stm32f4xx_hal_flash_ex.o
 .debug_aranges
                0x0000000000000900       0x58 Drivers/STM32F4xx_HAL_Driver/Src/stm32f4xx_hal_gpio.o
 .debug_aranges
                0x0000000000000958      0x298 Drivers/STM32F4xx_HAL_Driver/Src/stm32f4xx_hal_i2c.o
 .debug_aranges
                0x0000000000000bf0       0x88 Drivers/STM32F4xx_HAL_Driver/Src/stm32f4xx_hal_rcc.o
 .debug_aranges
                0x0000000000000c78      0x1d0 Drivers/STM32F4xx_HAL_Driver/Src/stm32f4xx_hal_spi.o
 .debug_aranges
                0x0000000000000e48      0x3a8 Drivers/STM32F4xx_HAL_Driver/Src/stm32f4xx_hal_tim.o
 .debug_aranges
                0x00000000000011f0      0x150 Drivers/STM32F4xx_HAL_Driver/Src/stm32f4xx_hal_tim_ex.o
 .debug_aranges
                0x0000000000001340      0x1d0 Drivers/STM32F4xx_HAL_Driver/Src/stm32f4xx_hal_uart.o

.debug_ranges   0x0000000000000000     0x1398
 .debug_ranges  0x0000000000000000       0x40 Core/Src/AQM0802.o
 .debug_ranges  0x0000000000000040       0x78 Core/Src/Flash_F405.o
 .debug_ranges  0x00000000000000b8       0x40 Core/Src/ICM20648.o
 .debug_ranges  0x00000000000000f8       0x28 Core/Src/INA260.o
 .debug_ranges  0x0000000000000120       0x18 Core/Src/calculate.o
 .debug_ranges  0x0000000000000138       0x18 Core/Src/control.o
 .debug_ranges  0x0000000000000150       0x90 Core/Src/main.o
 .debug_ranges  0x00000000000001e0       0x50 Core/Src/peripheral_func.o
 .debug_ranges  0x0000000000000230       0x88 Core/Src/stm32f4xx_hal_msp.o
 .debug_ranges  0x00000000000002b8       0x80 Core/Src/stm32f4xx_it.o
 .debug_ranges  0x0000000000000338       0x10 Core/Src/sysmem.o
 .debug_ranges  0x0000000000000348       0x18 Core/Src/system_stm32f4xx.o
 .debug_ranges  0x0000000000000360       0x20 Core/Startup/startup_stm32f405rgtx.o
 .debug_ranges  0x0000000000000380       0xe0 Drivers/STM32F4xx_HAL_Driver/Src/stm32f4xx_hal.o
 .debug_ranges  0x0000000000000460       0xd8 Drivers/STM32F4xx_HAL_Driver/Src/stm32f4xx_hal_adc.o
 .debug_ranges  0x0000000000000538      0x108 Drivers/STM32F4xx_HAL_Driver/Src/stm32f4xx_hal_cortex.o
 .debug_ranges  0x0000000000000640       0x80 Drivers/STM32F4xx_HAL_Driver/Src/stm32f4xx_hal_dma.o
 .debug_ranges  0x00000000000006c0       0x90 Drivers/STM32F4xx_HAL_Driver/Src/stm32f4xx_hal_flash.o
 .debug_ranges  0x0000000000000750       0x88 Drivers/STM32F4xx_HAL_Driver/Src/stm32f4xx_hal_flash_ex.o
 .debug_ranges  0x00000000000007d8       0x48 Drivers/STM32F4xx_HAL_Driver/Src/stm32f4xx_hal_gpio.o
 .debug_ranges  0x0000000000000820      0x2a8 Drivers/STM32F4xx_HAL_Driver/Src/stm32f4xx_hal_i2c.o
 .debug_ranges  0x0000000000000ac8       0x78 Drivers/STM32F4xx_HAL_Driver/Src/stm32f4xx_hal_rcc.o
 .debug_ranges  0x0000000000000b40      0x1c0 Drivers/STM32F4xx_HAL_Driver/Src/stm32f4xx_hal_spi.o
 .debug_ranges  0x0000000000000d00      0x398 Drivers/STM32F4xx_HAL_Driver/Src/stm32f4xx_hal_tim.o
 .debug_ranges  0x0000000000001098      0x140 Drivers/STM32F4xx_HAL_Driver/Src/stm32f4xx_hal_tim_ex.o
 .debug_ranges  0x00000000000011d8      0x1c0 Drivers/STM32F4xx_HAL_Driver/Src/stm32f4xx_hal_uart.o

.debug_macro    0x0000000000000000    0x224ae
 .debug_macro   0x0000000000000000      0x384 Core/Src/AQM0802.o
 .debug_macro   0x0000000000000384      0xa5a Core/Src/AQM0802.o
 .debug_macro   0x0000000000000dde      0x19c Core/Src/AQM0802.o
 .debug_macro   0x0000000000000f7a       0x32 Core/Src/AQM0802.o
 .debug_macro   0x0000000000000fac       0x2f Core/Src/AQM0802.o
 .debug_macro   0x0000000000000fdb       0x22 Core/Src/AQM0802.o
 .debug_macro   0x0000000000000ffd       0x8e Core/Src/AQM0802.o
 .debug_macro   0x000000000000108b       0x51 Core/Src/AQM0802.o
 .debug_macro   0x00000000000010dc       0xef Core/Src/AQM0802.o
 .debug_macro   0x00000000000011cb       0x6a Core/Src/AQM0802.o
 .debug_macro   0x0000000000001235      0x1df Core/Src/AQM0802.o
 .debug_macro   0x0000000000001414       0x1c Core/Src/AQM0802.o
 .debug_macro   0x0000000000001430       0x22 Core/Src/AQM0802.o
 .debug_macro   0x0000000000001452       0xdf Core/Src/AQM0802.o
 .debug_macro   0x0000000000001531     0x102d Core/Src/AQM0802.o
 .debug_macro   0x000000000000255e      0x11f Core/Src/AQM0802.o
 .debug_macro   0x000000000000267d    0x14251 Core/Src/AQM0802.o
 .debug_macro   0x00000000000168ce       0x43 Core/Src/AQM0802.o
 .debug_macro   0x0000000000016911     0x3652 Core/Src/AQM0802.o
 .debug_macro   0x0000000000019f63      0x174 Core/Src/AQM0802.o
 .debug_macro   0x000000000001a0d7       0x5a Core/Src/AQM0802.o
 .debug_macro   0x000000000001a131      0x8a7 Core/Src/AQM0802.o
 .debug_macro   0x000000000001a9d8      0x9fe Core/Src/AQM0802.o
 .debug_macro   0x000000000001b3d6      0x174 Core/Src/AQM0802.o
 .debug_macro   0x000000000001b54a      0x117 Core/Src/AQM0802.o
 .debug_macro   0x000000000001b661      0x130 Core/Src/AQM0802.o
 .debug_macro   0x000000000001b791       0x27 Core/Src/AQM0802.o
 .debug_macro   0x000000000001b7b8      0x287 Core/Src/AQM0802.o
 .debug_macro   0x000000000001ba3f       0x5f Core/Src/AQM0802.o
 .debug_macro   0x000000000001ba9e      0x236 Core/Src/AQM0802.o
 .debug_macro   0x000000000001bcd4      0x391 Core/Src/AQM0802.o
 .debug_macro   0x000000000001c065      0x176 Core/Src/AQM0802.o
 .debug_macro   0x000000000001c1db       0xf9 Core/Src/AQM0802.o
 .debug_macro   0x000000000001c2d4      0x12c Core/Src/AQM0802.o
 .debug_macro   0x000000000001c400      0x21e Core/Src/AQM0802.o
 .debug_macro   0x000000000001c61e       0x2e Core/Src/AQM0802.o
 .debug_macro   0x000000000001c64c      0x1b5 Core/Src/AQM0802.o
 .debug_macro   0x000000000001c801       0xd6 Core/Src/AQM0802.o
 .debug_macro   0x000000000001c8d7      0x11a Core/Src/AQM0802.o
 .debug_macro   0x000000000001c9f1       0x7e Core/Src/AQM0802.o
 .debug_macro   0x000000000001ca6f       0x89 Core/Src/AQM0802.o
 .debug_macro   0x000000000001caf8      0x225 Core/Src/AQM0802.o
 .debug_macro   0x000000000001cd1d      0x8a0 Core/Src/AQM0802.o
 .debug_macro   0x000000000001d5bd       0x47 Core/Src/AQM0802.o
 .debug_macro   0x000000000001d604      0x287 Core/Src/AQM0802.o
 .debug_macro   0x000000000001d88b      0x12d Core/Src/AQM0802.o
 .debug_macro   0x000000000001d9b8       0x46 Core/Src/AQM0802.o
 .debug_macro   0x000000000001d9fe       0x18 Core/Src/AQM0802.o
 .debug_macro   0x000000000001da16       0x3c Core/Src/AQM0802.o
 .debug_macro   0x000000000001da52       0x34 Core/Src/AQM0802.o
 .debug_macro   0x000000000001da86       0x16 Core/Src/AQM0802.o
 .debug_macro   0x000000000001da9c       0x35 Core/Src/AQM0802.o
 .debug_macro   0x000000000001dad1      0x32a Core/Src/AQM0802.o
 .debug_macro   0x000000000001ddfb       0x10 Core/Src/AQM0802.o
 .debug_macro   0x000000000001de0b       0x52 Core/Src/AQM0802.o
 .debug_macro   0x000000000001de5d       0x1f Core/Src/AQM0802.o
 .debug_macro   0x000000000001de7c       0x43 Core/Src/AQM0802.o
 .debug_macro   0x000000000001debf       0x20 Core/Src/AQM0802.o
 .debug_macro   0x000000000001dedf      0x1a3 Core/Src/AQM0802.o
 .debug_macro   0x000000000001e082       0x10 Core/Src/AQM0802.o
 .debug_macro   0x000000000001e092       0x1c Core/Src/AQM0802.o
 .debug_macro   0x000000000001e0ae       0x52 Core/Src/AQM0802.o
 .debug_macro   0x000000000001e100       0x40 Core/Src/AQM0802.o
 .debug_macro   0x000000000001e140       0x10 Core/Src/AQM0802.o
 .debug_macro   0x000000000001e150       0x40 Core/Src/AQM0802.o
 .debug_macro   0x000000000001e190       0xd7 Core/Src/AQM0802.o
 .debug_macro   0x000000000001e267       0x1c Core/Src/AQM0802.o
 .debug_macro   0x000000000001e283       0x3d Core/Src/AQM0802.o
 .debug_macro   0x000000000001e2c0       0x16 Core/Src/AQM0802.o
 .debug_macro   0x000000000001e2d6      0x145 Core/Src/AQM0802.o
 .debug_macro   0x000000000001e41b       0x4c Core/Src/AQM0802.o
 .debug_macro   0x000000000001e467      0x304 Core/Src/Flash_F405.o
 .debug_macro   0x000000000001e76b       0x10 Core/Src/Flash_F405.o
 .debug_macro   0x000000000001e77b       0x20 Core/Src/Flash_F405.o
 .debug_macro   0x000000000001e79b      0x224 Core/Src/ICM20648.o
 .debug_macro   0x000000000001e9bf       0x28 Core/Src/ICM20648.o
 .debug_macro   0x000000000001e9e7      0x225 Core/Src/INA260.o
 .debug_macro   0x000000000001ec0c      0x40f Core/Src/calculate.o
 .debug_macro   0x000000000001f01b       0x2e Core/Src/calculate.o
 .debug_macro   0x000000000001f049       0x16 Core/Src/calculate.o
 .debug_macro   0x000000000001f05f      0x1e1 Core/Src/calculate.o
 .debug_macro   0x000000000001f240       0x64 Core/Src/calculate.o
 .debug_macro   0x000000000001f2a4      0x40f Core/Src/control.o
 .debug_macro   0x000000000001f6b3      0x40f Core/Src/main.o
 .debug_macro   0x000000000001fac2      0x411 Core/Src/peripheral_func.o
 .debug_macro   0x000000000001fed3      0x215 Core/Src/stm32f4xx_hal_msp.o
 .debug_macro   0x00000000000200e8      0x21f Core/Src/stm32f4xx_it.o
 .debug_macro   0x0000000000020307      0x1ae Core/Src/sysmem.o
 .debug_macro   0x00000000000204b5      0x23b Core/Src/sysmem.o
 .debug_macro   0x00000000000206f0      0x211 Core/Src/system_stm32f4xx.o
 .debug_macro   0x0000000000020901      0x26b Drivers/STM32F4xx_HAL_Driver/Src/stm32f4xx_hal.o
 .debug_macro   0x0000000000020b6c      0x20c Drivers/STM32F4xx_HAL_Driver/Src/stm32f4xx_hal_adc.o
 .debug_macro   0x0000000000020d78      0x20b Drivers/STM32F4xx_HAL_Driver/Src/stm32f4xx_hal_cortex.o
 .debug_macro   0x0000000000020f83      0x211 Drivers/STM32F4xx_HAL_Driver/Src/stm32f4xx_hal_dma.o
 .debug_macro   0x0000000000021194      0x211 Drivers/STM32F4xx_HAL_Driver/Src/stm32f4xx_hal_flash.o
 .debug_macro   0x00000000000213a5      0x211 Drivers/STM32F4xx_HAL_Driver/Src/stm32f4xx_hal_flash_ex.o
 .debug_macro   0x00000000000215b6      0x241 Drivers/STM32F4xx_HAL_Driver/Src/stm32f4xx_hal_gpio.o
 .debug_macro   0x00000000000217f7      0x24b Drivers/STM32F4xx_HAL_Driver/Src/stm32f4xx_hal_i2c.o
 .debug_macro   0x0000000000021a42      0x22f Drivers/STM32F4xx_HAL_Driver/Src/stm32f4xx_hal_rcc.o
 .debug_macro   0x0000000000021c71      0x21a Drivers/STM32F4xx_HAL_Driver/Src/stm32f4xx_hal_spi.o
 .debug_macro   0x0000000000021e8b      0x20c Drivers/STM32F4xx_HAL_Driver/Src/stm32f4xx_hal_tim.o
 .debug_macro   0x0000000000022097      0x20b Drivers/STM32F4xx_HAL_Driver/Src/stm32f4xx_hal_tim_ex.o
 .debug_macro   0x00000000000222a2      0x20c Drivers/STM32F4xx_HAL_Driver/Src/stm32f4xx_hal_uart.o

.debug_line     0x0000000000000000    0x11e52
 .debug_line    0x0000000000000000      0x9a0 Core/Src/AQM0802.o
 .debug_line    0x00000000000009a0      0x9c6 Core/Src/Flash_F405.o
 .debug_line    0x0000000000001366      0x7b9 Core/Src/ICM20648.o
 .debug_line    0x0000000000001b1f      0x76e Core/Src/INA260.o
 .debug_line    0x000000000000228d      0x9ba Core/Src/calculate.o
 .debug_line    0x0000000000002c47      0xa70 Core/Src/control.o
 .debug_line    0x00000000000036b7      0xc13 Core/Src/main.o
 .debug_line    0x00000000000042ca      0xad6 Core/Src/peripheral_func.o
 .debug_line    0x0000000000004da0      0x929 Core/Src/stm32f4xx_hal_msp.o
 .debug_line    0x00000000000056c9      0x84d Core/Src/stm32f4xx_it.o
 .debug_line    0x0000000000005f16      0x55e Core/Src/sysmem.o
 .debug_line    0x0000000000006474      0x755 Core/Src/system_stm32f4xx.o
 .debug_line    0x0000000000006bc9       0x86 Core/Startup/startup_stm32f405rgtx.o
 .debug_line    0x0000000000006c4f      0x93f Drivers/STM32F4xx_HAL_Driver/Src/stm32f4xx_hal.o
 .debug_line    0x000000000000758e      0xba4 Drivers/STM32F4xx_HAL_Driver/Src/stm32f4xx_hal_adc.o
 .debug_line    0x0000000000008132      0xa63 Drivers/STM32F4xx_HAL_Driver/Src/stm32f4xx_hal_cortex.o
 .debug_line    0x0000000000008b95      0xa0d Drivers/STM32F4xx_HAL_Driver/Src/stm32f4xx_hal_dma.o
 .debug_line    0x00000000000095a2      0x925 Drivers/STM32F4xx_HAL_Driver/Src/stm32f4xx_hal_flash.o
 .debug_line    0x0000000000009ec7      0x911 Drivers/STM32F4xx_HAL_Driver/Src/stm32f4xx_hal_flash_ex.o
 .debug_line    0x000000000000a7d8      0x91e Drivers/STM32F4xx_HAL_Driver/Src/stm32f4xx_hal_gpio.o
 .debug_line    0x000000000000b0f6     0x1b79 Drivers/STM32F4xx_HAL_Driver/Src/stm32f4xx_hal_i2c.o
 .debug_line    0x000000000000cc6f      0x997 Drivers/STM32F4xx_HAL_Driver/Src/stm32f4xx_hal_rcc.o
 .debug_line    0x000000000000d606     0x10f2 Drivers/STM32F4xx_HAL_Driver/Src/stm32f4xx_hal_spi.o
 .debug_line    0x000000000000e6f8     0x19b8 Drivers/STM32F4xx_HAL_Driver/Src/stm32f4xx_hal_tim.o
 .debug_line    0x00000000000100b0      0xd55 Drivers/STM32F4xx_HAL_Driver/Src/stm32f4xx_hal_tim_ex.o
 .debug_line    0x0000000000010e05     0x104d Drivers/STM32F4xx_HAL_Driver/Src/stm32f4xx_hal_uart.o

.debug_str      0x0000000000000000    0xc92fe
 .debug_str     0x0000000000000000    0xc2a15 Core/Src/AQM0802.o
                                      0xc2dea (size before relaxing)
 .debug_str     0x00000000000c2a15      0x354 Core/Src/Flash_F405.o
                                      0xc1918 (size before relaxing)
 .debug_str     0x00000000000c2d69      0x357 Core/Src/ICM20648.o
                                      0xbec55 (size before relaxing)
 .debug_str     0x00000000000c30c0       0x97 Core/Src/INA260.o