Flash_F405.c:25:20:FLASH_Unlock	4	static
Flash_F405.c:31:20:FLASH_Lock	4	static
Flash_F405.c:37:6:FLASH_WaitBusy	4	static
Flash_F405.c:42:6:FLASH_Erease7	8	static
Flash_F405.c:57:6:FLASH_Erease9	8	static
Flash_F405.c:72:6:FLASH_Erease10	8	static
Flash_F405.c:87:6:FLASH_Erease11	8	static
Flash_F405.c:102:6:FLASH_EreaseSector	40	static
Flash_F405.c:116:6:FLASH_Write_HalfWord	16	static
Flash_F405.c:134:6:FLASH_Write_Word	16	static
Flash_F405.c:152:6:FLASH_Write_Word_S	16	static
Flash_F405.c:170:6:FLASH_Write_Word_F	16	static
Flash_F405.c:189:6:FLASH_Write_DoubleWord	32	static
Flash_F405.c:238:6:FLASH_ReadData	24	static
