main.c:96:5:main	48	static
main.c:418:6:SystemClock_Config	88	static
main.c:461:13:MX_ADC1_Init	24	static
main.c:615:13:MX_I2C1_Init	8	static
main.c:649:13:MX_I2C2_Init	8	static
main.c:683:13:MX_SPI3_Init	8	static
main.c:721:13:MX_TIM1_Init	56	static
main.c:771:13:MX_TIM2_Init	48	static
main.c:820:13:MX_TIM3_Init	48	static
main.c:881:13:MX_TIM6_Init	16	static
main.c:919:13:MX_TIM7_Init	16	static
main.c:957:13:MX_TIM8_Init	56	static
main.c:1007:13:MX_TIM12_Init	40	static
main.c:1053:13:MX_USART1_UART_Init	8	static
main.c:1084:13:MX_DMA_Init	16	static
main.c:1102:13:MX_GPIO_Init	48	static
main.c:1184:6:Error_Handler	4	static
