main.c:96:5:main	8	static
main.c:155:6:SystemClock_Config	88	static
main.c:198:13:MX_ADC1_Init	24	static
main.c:336:13:MX_I2C1_Init	8	static
main.c:370:13:MX_I2C2_Init	8	static
main.c:404:13:MX_SPI3_Init	8	static
main.c:442:13:MX_TIM1_Init	56	static
main.c:492:13:MX_TIM2_Init	48	static
main.c:541:13:MX_TIM3_Init	48	static
main.c:602:13:MX_TIM6_Init	16	static
main.c:640:13:MX_TIM7_Init	16	static
main.c:678:13:MX_TIM8_Init	56	static
main.c:728:13:MX_TIM12_Init	40	static
main.c:774:13:MX_USART1_UART_Init	8	static
main.c:805:13:MX_DMA_Init	16	static
main.c:823:13:MX_GPIO_Init	48	static
main.c:905:6:Error_Handler	4	static
